--------- beginning of main
04-26 22:41:14.769   208   786 I rmt_storage: rmt_storage_client_thread: /boot/modem_fs1: clnt_h=0x1 About to block rmt_storage client thread (th_id: -1228670672) wakelock released: 1, error no: 22
04-26 22:41:14.769   208   786 I rmt_storage: 
04-26 22:41:37.901   220   344 I MDMCTBK : NetlinkHandler, power_supply subsys
04-26 22:41:37.901   220   344 I MDMCTBK : NetlinkHandler, usbChargerStateChanged
04-26 22:41:37.901   220   344 I MDMCTBK : checkDefaultInst, current pid is = 220
04-26 22:41:37.901   220   344 I MDMCTBK : checkDefaultInst, pid match
04-26 22:41:37.901   220   344 I MDMCTBK : MdmCutbackHndler,readFromFile = /sys/class/power_supply/usb/online
04-26 22:41:37.901   220   344 I MDMCTBK : MdmCutbackHndler,readFromFile = /sys/class/power_supply/pm8921-dc/online
04-26 22:41:55.386 19792 26784 V TcpTransport: [id=256,local=tcp4://127.0.0.1:6363,remote=tcp4://127.0.0.1:57178] Received: 52 bytes
04-26 22:41:55.386 19792 26784 V LinkService: [id=256,local=tcp4://127.0.0.1:6363,remote=tcp4://127.0.0.1:57178] void nfd::face::LinkService::receiveInterest(const ndn::Interest&)
04-26 22:41:55.387 19792 26784 V NameTreeHashtable: found / hash=0 bucket=0
04-26 22:41:55.387 19792 26784 V NameTreeHashtable: found /localhost hash=130514639 bucket=719
04-26 22:41:55.387 19792 26784 V NameTreeHashtable: found /localhost/nfd hash=182975112 bucket=648
04-26 22:41:55.387 19792 26784 V NameTreeHashtable: found /localhost/nfd/faces hash=1997336817 bucket=241
04-26 22:41:55.387 19792 26784 V NameTreeHashtable: found /localhost/nfd/faces/events hash=1883855123 bucket=275
04-26 22:41:55.387 19792 26784 V Strategy: lookupFib noLinkObject found=/localhost/nfd
04-26 22:41:55.387 19792 26784 V LinkService: [id=1,local=internal://,remote=internal://] void nfd::face::LinkService::sendInterest(const ndn::Interest&)
04-26 22:41:55.388 19792 26784 V InternalForwarderTransport: [id=1,local=internal://,remote=internal://] virtual void nfd::face::InternalForwarderTransport::doSend(nfd::face::Transport::Packet&&)
04-26 22:42:11.706 30253 30253 D AndroidRuntime: >>>>>> START com.android.internal.os.RuntimeInit uid 2000 <<<<<<
04-26 22:42:11.710 30253 30253 D AndroidRuntime: CheckJNI is OFF
04-26 22:42:11.763 30253 30253 D ICU     : No timezone override file found: /data/misc/zoneinfo/current/icu/icu_tzdata.dat
04-26 22:42:11.832 30253 30253 I Radio-JNI: register_android_hardware_Radio DONE
04-26 22:42:11.847 30253 30253 D AndroidRuntime: Calling main entry com.android.commands.wm.Wm
04-26 22:42:11.850 30253 30253 D AndroidRuntime: Shutting down VM
04-26 22:42:19.757 30279 30279 D AndroidRuntime: >>>>>> START com.android.internal.os.RuntimeInit uid 2000 <<<<<<
04-26 22:42:19.761 30279 30279 D AndroidRuntime: CheckJNI is OFF
04-26 22:42:19.812 30279 30279 D ICU     : No timezone override file found: /data/misc/zoneinfo/current/icu/icu_tzdata.dat
04-26 22:42:19.874 30279 30279 I Radio-JNI: register_android_hardware_Radio DONE
04-26 22:42:19.889 30279 30279 D AndroidRuntime: Calling main entry com.android.commands.pm.Pm
--------- beginning of system
04-26 22:42:19.920 26903 26914 D DefContainer: Copying /data/local/tmp/memphis.myapplication to base.apk
04-26 22:42:20.111 19792 26784 D RibManager: Fetching active faces
04-26 22:42:20.111 19792 26784 V TcpTransport: [id=256,local=tcp4://127.0.0.1:6363,remote=tcp4://127.0.0.1:57178] Received: 46 bytes
04-26 22:42:20.111 19792 26784 V LinkService: [id=256,local=tcp4://127.0.0.1:6363,remote=tcp4://127.0.0.1:57178] void nfd::face::LinkService::receiveInterest(const ndn::Interest&)
04-26 22:42:20.111 19792 26784 V NameTreeHashtable: found / hash=0 bucket=0
04-26 22:42:20.111 19792 26784 V NameTreeHashtable: found /localhost hash=130514639 bucket=719
04-26 22:42:20.111 19792 26784 V NameTreeHashtable: found /localhost/nfd hash=182975112 bucket=648
04-26 22:42:20.111 19792 26784 V NameTreeHashtable: found /localhost/nfd/faces hash=1997336817 bucket=241
04-26 22:42:20.111 19792 26784 V NameTreeHashtable: insert /localhost/nfd/faces/list hash=2609744532 bucket=660
04-26 22:42:20.112 19792 26784 V Strategy: lookupFib noLinkObject found=/localhost/nfd
04-26 22:42:20.112 19792 26784 V LinkService: [id=1,local=internal://,remote=internal://] void nfd::face::LinkService::sendInterest(const ndn::Interest&)
04-26 22:42:20.112 19792 26784 V InternalForwarderTransport: [id=1,local=internal://,remote=internal://] virtual void nfd::face::InternalForwarderTransport::doSend(nfd::face::Transport::Packet&&)
04-26 22:42:20.141 19792 26784 V InternalForwarderTransport: [id=1,local=internal://,remote=internal://] virtual void nfd::face::InternalForwarderTransport::receiveFromLink(const ndn::Block&)
04-26 22:42:20.141 19792 26784 V LinkService: [id=1,local=internal://,remote=internal://] void nfd::face::LinkService::receiveData(const ndn::Data&)
04-26 22:42:20.141 19792 26784 V NameTreeHashtable: not-found /localhost/nfd/faces/list/%FD%00%00%01c%051%CD%D0/%00%00 hash=912402461 bucket=29
04-26 22:42:20.141 19792 26784 V NameTreeHashtable: not-found /localhost/nfd/faces/list/%FD%00%00%01c%051%CD%D0 hash=2685080329 bucket=777
04-26 22:42:20.141 19792 26784 V NameTreeHashtable: found /localhost/nfd/faces/list hash=2609744532 bucket=660
04-26 22:42:20.141 19792 26784 V NameTreeIterator: initialized entry=/localhost/nfd/faces/list ref=/localhost/nfd/faces/list state=0
04-26 22:42:20.141 19792 26784 V NameTreeIterator: advanced end
04-26 22:42:20.141 19792 26784 D Strategy: beforeSatisfyInterest pitEntry=/localhost/nfd/faces/list inFace=1 data=/localhost/nfd/faces/list/%FD%00%00%01c%051%CD%D0/%00%00
04-26 22:42:20.142 19792 26784 V LinkService: [id=256,local=tcp4://127.0.0.1:6363,remote=tcp4://127.0.0.1:57178] void nfd::face::LinkService::sendData(const ndn::Data&)
04-26 22:42:20.142 19792 26784 V TcpTransport: [id=256,local=tcp4://127.0.0.1:6363,remote=tcp4://127.0.0.1:57178] void nfd::face::StreamTransport<Protocol>::doSend(nfd::face::Transport::Packet&&) [with Protocol = boost::asio::ip::tcp]
04-26 22:42:20.142 19792 26784 V TcpTransport: [id=256,local=tcp4://127.0.0.1:6363,remote=tcp4://127.0.0.1:57178] Successfully sent: 701 bytes
04-26 22:42:20.142 19792 26784 D RibManager: Checking for invalid face registrations
04-26 22:42:20.242 19792 26784 V NameTreeHashtable: erase /localhost/nfd/faces/list hash=2609744532 bucket=660
04-26 22:42:23.527   794   847 I PackageManager.DexOptimizer: Running dexopt (dex2oat) on: /data/app/vmdl607348368.tmp/base.apk pkg=memphis.myapplication isa=arm vmSafeMode=false debuggable=true oatDir = /data/app/vmdl607348368.tmp/oat bootComplete=true
04-26 22:42:23.582 30292 30292 I dex2oat : /system/bin/dex2oat --debuggable
04-26 22:42:24.640 30292 30292 W dex2oat : Before Android 4.1, method android.graphics.PorterDuffColorFilter android.support.graphics.drawable.VectorDrawableCompat.updateTintFilter(android.graphics.PorterDuffColorFilter, android.content.res.ColorStateList, android.graphics.PorterDuff$Mode) would have incorrectly overridden the package-private method in android.graphics.drawable.Drawable
04-26 22:42:24.733 30292 30294 W dex2oat : Before Android 4.1, method int android.support.v7.widget.ListViewCompat.lookForSelectablePosition(int, boolean) would have incorrectly overridden the package-private method in android.widget.ListView
04-26 22:42:38.091   220   344 I MDMCTBK : NetlinkHandler, power_supply subsys
04-26 22:42:38.091   220   344 I MDMCTBK : NetlinkHandler, usbChargerStateChanged
04-26 22:42:38.091   220   344 I MDMCTBK : checkDefaultInst, current pid is = 220
04-26 22:42:38.091   220   344 I MDMCTBK : checkDefaultInst, pid match
04-26 22:42:38.091   220   344 I MDMCTBK : MdmCutbackHndler,readFromFile = /sys/class/power_supply/usb/online
04-26 22:42:38.091   220   344 I MDMCTBK : MdmCutbackHndler,readFromFile = /sys/class/power_supply/pm8921-dc/online
04-26 22:42:41.209 30292 30292 I dex2oat : Method exceeds compiler instruction limit: 21504 in void org.sqlite.SQLite.trampoline()
04-26 22:42:44.282 30292 30292 I dex2oat : dex2oat took 20.700s (threads: 2) arena alloc=734KB java alloc=6MB native alloc=62MB free=4MB
04-26 22:42:44.307   794   827 I ActivityManager: Force stopping memphis.myapplication appid=10071 user=-1: uninstall pkg
04-26 22:42:44.373   794   847 I PackageManager: Package memphis.myapplication codePath changed from /data/app/memphis.myapplication-2 to /data/app/memphis.myapplication-1; Retaining data and using new
04-26 22:42:44.373   794   847 W PackageManager: Code path for memphis.myapplication changing from /data/app/memphis.myapplication-2 to /data/app/memphis.myapplication-1
04-26 22:42:44.373   794   827 I ActivityManager: Force stopping memphis.myapplication appid=10071 user=-1: replace pkg
04-26 22:42:44.373   794   847 W PackageManager: Resource path for memphis.myapplication changing from /data/app/memphis.myapplication-2 to /data/app/memphis.myapplication-1
04-26 22:42:44.540   794   847 W Settings: Setting install_non_market_apps has moved from android.provider.Settings.Global to android.provider.Settings.Secure, returning read-only value.
04-26 22:42:44.541   794   847 I art     : Starting a blocking GC Explicit
04-26 22:42:44.611   794   847 I art     : Explicit concurrent mark sweep GC freed 101480(5MB) AllocSpace objects, 8(2MB) LOS objects, 33% free, 20MB/30MB, paused 1.648ms total 69.250ms
04-26 22:42:44.661   794   847 W PackageManager: Couldn't remove dex file for package:  at location /data/app/memphis.myapplication-2/base.apk, retcode=-1
04-26 22:42:44.662   794   847 I ActivityManager: Force stopping memphis.myapplication appid=10071 user=0: pkg removed
04-26 22:42:44.664 30279 30279 I art     : System.exit called, status: 0
04-26 22:42:44.664 30279 30279 I AndroidRuntime: VM exiting with result code 0.
04-26 22:42:44.696   794   794 D JobSchedulerService: Receieved: android.intent.action.PACKAGE_REMOVED
04-26 22:42:44.713   794   930 I InputReader: Reconfiguring input devices.  changes=0x00000010
04-26 22:42:44.715   794   930 I InputReader: Reconfiguring input devices.  changes=0x00000010
04-26 22:42:44.780 24346 24346 D RegisteredServicesCache: Intent action: android.intent.action.PACKAGE_REMOVED
04-26 22:42:44.780 24346 24346 D RegisteredServicesCache: Ignoring package intent due to package being replaced.
04-26 22:42:44.791 26924 26924 W ContextImpl: Calling a method in the system process without a qualified user: android.app.ContextImpl.startService:1231 android.content.ContextWrapper.startService:587 android.content.ContextWrapper.startService:587 org.cyanogenmod.providers.datausage.DataUsageAppInstallReceiver.onReceive:47 android.app.ActivityThread.handleReceiver:2759 
04-26 22:42:44.807  1410  1410 D CarrierServiceBindHelper: Receive action: android.intent.action.PACKAGE_REMOVED
04-26 22:42:44.816   794  2559 I ActivityManager: Start proc 30299:com.android.keychain/1000 for broadcast com.android.keychain/.KeyChainBroadcastReceiver
04-26 22:42:44.822 24346 24346 D RegisteredServicesCache: Intent action: android.intent.action.PACKAGE_ADDED
04-26 22:42:44.822 24346 24346 D RegisteredServicesCache: Ignoring package intent due to package being replaced.
04-26 22:42:44.840   794   930 I InputReader: Reconfiguring input devices.  changes=0x00000010
04-26 22:42:44.858 24346 24346 D RegisteredServicesCache: Intent action: android.intent.action.PACKAGE_REPLACED
04-26 22:42:44.860 24346 24346 D CardEmulationManager: Current default: null
04-26 22:42:44.860 24346 24346 D CardEmulationManager: No default set, last payment service removed.
04-26 22:42:44.860 24346 24346 D RegisteredAidCache: onServicesUpdated
04-26 22:42:44.874  1410  1410 D CarrierServiceBindHelper: Receive action: android.intent.action.PACKAGE_ADDED
04-26 22:42:44.874  1410  1410 D CarrierServiceBindHelper: mHandler: 3
04-26 22:42:44.874  1410  1410 D CarrierServiceBindHelper: Receive action: android.intent.action.PACKAGE_REPLACED
04-26 22:42:44.875  1410  1410 D CarrierServiceBindHelper: mHandler: 3
04-26 22:42:44.875  1410  1410 D CarrierServiceBindHelper: mHandler: 3
04-26 22:42:44.875  1410  1410 D CarrierConfigLoader: mHandler: 9 phoneId: 0
04-26 22:42:44.894 26924 30304 V DataUsageAppInstallService: Removing ndn-snapchat to DataUsage DB
04-26 22:42:44.920   794   826 W Searchables: No global search activity found
04-26 22:42:44.923   794   826 W Searchables: No global search activity found
04-26 22:42:44.924   794   826 W VoiceInteractionManagerService: no available voice recognition services found for user 0
04-26 22:42:44.925 30299 30299 W System  : ClassLoader referenced unknown path: /system/app/KeyChain/lib/arm
04-26 22:42:44.930 30299 30299 W ContextImpl: Calling a method in the system process without a qualified user: android.app.ContextImpl.startService:1231 android.content.ContextWrapper.startService:587 android.content.ContextWrapper.startService:587 com.android.keychain.KeyChainBroadcastReceiver.onReceive:12 android.app.ActivityThread.handleReceiver:2759 
04-26 22:42:44.944   794  2507 I ActivityManager: Start proc 30317:com.android.gallery3d/u0a49 for broadcast com.android.gallery3d/.app.PackagesMonitor
04-26 22:42:45.134 26924 26924 W ContextImpl: Calling a method in the system process without a qualified user: android.app.ContextImpl.startService:1231 android.content.ContextWrapper.startService:587 android.content.ContextWrapper.startService:587 org.cyanogenmod.providers.datausage.DataUsageAppInstallReceiver.onReceive:47 android.app.ActivityThread.handleReceiver:2759 
04-26 22:42:45.159 26924 26924 W ContextImpl: Calling a method in the system process without a qualified user: android.app.ContextImpl.startService:1231 android.content.ContextWrapper.startService:587 android.content.ContextWrapper.startService:587 org.cyanogenmod.providers.datausage.DataUsageAppInstallReceiver.onReceive:47 android.app.ActivityThread.handleReceiver:2759 
04-26 22:42:45.174 26924 30333 V DataUsageAppInstallService: Adding ndn-snapchat to DataUsage DB
04-26 22:42:46.194 30338 30338 D AndroidRuntime: >>>>>> START com.android.internal.os.RuntimeInit uid 2000 <<<<<<
04-26 22:42:46.199 30338 30338 D AndroidRuntime: CheckJNI is OFF
04-26 22:42:46.257 30338 30338 D ICU     : No timezone override file found: /data/misc/zoneinfo/current/icu/icu_tzdata.dat
04-26 22:42:46.321 30338 30338 I Radio-JNI: register_android_hardware_Radio DONE
04-26 22:42:46.335 30338 30338 D AndroidRuntime: Calling main entry com.android.commands.pm.Pm
04-26 22:42:46.352 26903 26914 D DefContainer: Copying /data/local/tmp/memphis.myapplication.test to base.apk
04-26 22:42:46.598   794   847 I PackageManager.DexOptimizer: Running dexopt (dex2oat) on: /data/app/vmdl1328449483.tmp/base.apk pkg=memphis.myapplication.test isa=arm vmSafeMode=false debuggable=true oatDir = /data/app/vmdl1328449483.tmp/oat bootComplete=true
04-26 22:42:46.631 30347 30347 I dex2oat : /system/bin/dex2oat --debuggable
04-26 22:42:50.240 30347 30347 I dex2oat : dex2oat took 3.609s (threads: 2) arena alloc=740KB java alloc=1940KB native alloc=11MB free=2MB
04-26 22:42:50.251   794   827 I ActivityManager: Force stopping memphis.myapplication.test appid=10072 user=-1: uninstall pkg
04-26 22:42:50.314   794   847 I PackageManager: Package memphis.myapplication.test codePath changed from /data/app/memphis.myapplication.test-2 to /data/app/memphis.myapplication.test-1; Retaining data and using new
04-26 22:42:50.314   794   847 W PackageManager: Code path for memphis.myapplication.test changing from /data/app/memphis.myapplication.test-2 to /data/app/memphis.myapplication.test-1
04-26 22:42:50.314   794   827 I ActivityManager: Force stopping memphis.myapplication.test appid=10072 user=-1: replace pkg
04-26 22:42:50.314   794   847 W PackageManager: Resource path for memphis.myapplication.test changing from /data/app/memphis.myapplication.test-2 to /data/app/memphis.myapplication.test-1
04-26 22:42:50.435   794   847 W Settings: Setting install_non_market_apps has moved from android.provider.Settings.Global to android.provider.Settings.Secure, returning read-only value.
04-26 22:42:50.435   794   847 I art     : Starting a blocking GC Explicit
04-26 22:42:50.509   794   847 I art     : Explicit concurrent mark sweep GC freed 69801(4MB) AllocSpace objects, 27(820KB) LOS objects, 33% free, 20MB/30MB, paused 1.648ms total 67.144ms
04-26 22:42:50.530   794   847 W PackageManager: Couldn't remove dex file for package:  at location /data/app/memphis.myapplication.test-2/base.apk, retcode=-1
04-26 22:42:50.530   794   847 I ActivityManager: Force stopping memphis.myapplication.test appid=10072 user=0: pkg removed
04-26 22:42:50.532 30338 30338 I art     : System.exit called, status: 0
04-26 22:42:50.532 30338 30338 I AndroidRuntime: VM exiting with result code 0.
04-26 22:42:50.559   794   794 D JobSchedulerService: Receieved: android.intent.action.PACKAGE_REMOVED
04-26 22:42:50.568   794   930 I InputReader: Reconfiguring input devices.  changes=0x00000010
04-26 22:42:50.570   794   930 I InputReader: Reconfiguring input devices.  changes=0x00000010
04-26 22:42:50.605  1410  1410 D CarrierServiceBindHelper: Receive action: android.intent.action.PACKAGE_REMOVED
04-26 22:42:50.641  1410  1410 D CarrierServiceBindHelper: Receive action: android.intent.action.PACKAGE_ADDED
04-26 22:42:50.642  1410  1410 D CarrierServiceBindHelper: mHandler: 3
04-26 22:42:50.642  1410  1410 D CarrierServiceBindHelper: mHandler: 3
04-26 22:42:50.647  1410  1410 D CarrierServiceBindHelper: Receive action: android.intent.action.PACKAGE_REPLACED
04-26 22:42:50.648  1410  1410 D CarrierServiceBindHelper: mHandler: 3
04-26 22:42:50.648  1410  1410 D CarrierConfigLoader: mHandler: 9 phoneId: 0
04-26 22:42:50.649   794   930 I InputReader: Reconfiguring input devices.  changes=0x00000010
04-26 22:42:50.659 26924 26924 W ContextImpl: Calling a method in the system process without a qualified user: android.app.ContextImpl.startService:1231 android.content.ContextWrapper.startService:587 android.content.ContextWrapper.startService:587 org.cyanogenmod.providers.datausage.DataUsageAppInstallReceiver.onReceive:47 android.app.ActivityThread.handleReceiver:2759 
04-26 22:42:50.672 30299 30299 W ContextImpl: Calling a method in the system process without a qualified user: android.app.ContextImpl.startService:1231 android.content.ContextWrapper.startService:587 android.content.ContextWrapper.startService:587 com.android.keychain.KeyChainBroadcastReceiver.onReceive:12 android.app.ActivityThread.handleReceiver:2759 
04-26 22:42:50.689 24346 24346 D RegisteredServicesCache: Intent action: android.intent.action.PACKAGE_REMOVED
04-26 22:42:50.689 24346 24346 D RegisteredServicesCache: Ignoring package intent due to package being replaced.
04-26 22:42:50.699 26924 26924 W ContextImpl: Calling a method in the system process without a qualified user: android.app.ContextImpl.startService:1231 android.content.ContextWrapper.startService:587 android.content.ContextWrapper.startService:587 org.cyanogenmod.providers.datausage.DataUsageAppInstallReceiver.onReceive:47 android.app.ActivityThread.handleReceiver:2759 
04-26 22:42:50.733 24346 24346 D RegisteredServicesCache: Intent action: android.intent.action.PACKAGE_ADDED
04-26 22:42:50.733 24346 24346 D RegisteredServicesCache: Ignoring package intent due to package being replaced.
04-26 22:42:50.733 24346 24346 D RegisteredServicesCache: Intent action: android.intent.action.PACKAGE_REPLACED
04-26 22:42:50.735 24346 24346 D CardEmulationManager: Current default: null
04-26 22:42:50.735 24346 24346 D CardEmulationManager: No default set, last payment service removed.
04-26 22:42:50.735 24346 24346 D RegisteredAidCache: onServicesUpdated
04-26 22:42:50.782   794   826 W Searchables: No global search activity found
04-26 22:42:50.791 26924 26924 W ContextImpl: Calling a method in the system process without a qualified user: android.app.ContextImpl.startService:1231 android.content.ContextWrapper.startService:587 android.content.ContextWrapper.startService:587 org.cyanogenmod.providers.datausage.DataUsageAppInstallReceiver.onReceive:47 android.app.ActivityThread.handleReceiver:2759 
04-26 22:42:50.803 26924 30355 V DataUsageAppInstallService: Removing memphis.myapplication.test to DataUsage DB
04-26 22:42:50.826   794   826 W Searchables: No global search activity found
04-26 22:42:50.827   794   826 W VoiceInteractionManagerService: no available voice recognition services found for user 0
04-26 22:42:50.870 26924 30355 V DataUsageAppInstallService: Adding memphis.myapplication.test to DataUsage DB
04-26 22:42:51.502 30360 30360 D AndroidRuntime: >>>>>> START com.android.internal.os.RuntimeInit uid 2000 <<<<<<
04-26 22:42:51.507 30360 30360 D AndroidRuntime: CheckJNI is OFF
04-26 22:42:51.557 30360 30360 D ICU     : No timezone override file found: /data/misc/zoneinfo/current/icu/icu_tzdata.dat
04-26 22:42:51.618 30360 30360 I Radio-JNI: register_android_hardware_Radio DONE
04-26 22:42:51.631 30360 30360 D AndroidRuntime: Calling main entry com.android.commands.am.Am
04-26 22:42:51.636   794  2507 I ActivityManager: Force stopping memphis.myapplication appid=10071 user=0: start instr
04-26 22:42:51.647   794  2507 I ActivityManager: Start proc 30370:memphis.myapplication/u0a71 for added application memphis.myapplication
04-26 22:42:51.705 30370 30370 I art     : Late-enabling -Xcheck:jni
04-26 22:42:51.764 30370 30370 W System  : ClassLoader referenced unknown path: /data/app/memphis.myapplication.test-1/lib/arm
04-26 22:42:51.764 30370 30370 W System  : ClassLoader referenced unknown path: /data/app/memphis.myapplication-1/lib/arm
04-26 22:42:51.788 30370 30370 I MonitoringInstr: Instrumentation started on process memphis.myapplication
04-26 22:42:51.789 30370 30370 I MonitoringInstr: Setting context classloader to 'dalvik.system.PathClassLoader[DexPathList[[zip file "/system/framework/android.test.runner.jar", zip file "/data/app/memphis.myapplication.test-1/base.apk", zip file "/data/app/memphis.myapplication-1/base.apk"],nativeLibraryDirectories=[/data/app/memphis.myapplication.test-1/lib/arm, /data/app/memphis.myapplication-1/lib/arm, /vendor/lib, /system/lib]]]', Original: 'dalvik.system.PathClassLoader[DexPathList[[zip file "/system/framework/android.test.runner.jar", zip file "/data/app/memphis.myapplication.test-1/base.apk", zip file "/data/app/memphis.myapplication-1/base.apk"],nativeLibraryDirectories=[/data/app/memphis.myapplication.test-1/lib/arm, /data/app/memphis.myapplication-1/lib/arm, /vendor/lib, /system/lib]]]'
04-26 22:42:51.792 30370 30370 I MonitoringInstr: No JSBridge.
04-26 22:42:51.793 30370 30383 I MonitoringInstr: Setting context classloader to 'dalvik.system.PathClassLoader[DexPathList[[zip file "/system/framework/android.test.runner.jar", zip file "/data/app/memphis.myapplication.test-1/base.apk", zip file "/data/app/memphis.myapplication-1/base.apk"],nativeLibraryDirectories=[/data/app/memphis.myapplication.test-1/lib/arm, /data/app/memphis.myapplication-1/lib/arm, /vendor/lib, /system/lib]]]', Original: 'dalvik.system.PathClassLoader[DexPathList[[zip file "/system/framework/android.test.runner.jar", zip file "/data/app/memphis.myapplication.test-1/base.apk", zip file "/data/app/memphis.myapplication-1/base.apk"],nativeLibraryDirectories=[/data/app/memphis.myapplication.test-1/lib/arm, /data/app/memphis.myapplication-1/lib/arm, /vendor/lib, /system/lib]]]'
04-26 22:42:51.807 30370 30383 I UsageTrackerFacilitator: Usage tracking enabled
04-26 22:42:51.824 30370 30383 D TestExecutor: Adding listener android.support.test.internal.runner.listener.LogRunListener
04-26 22:42:51.824 30370 30383 D TestExecutor: Adding listener android.support.test.internal.runner.listener.InstrumentationResultPrinter
04-26 22:42:51.824 30370 30383 D TestExecutor: Adding listener android.support.test.internal.runner.listener.ActivityFinisherRunListener
04-26 22:42:51.827 30370 30383 I TestRunner: run started: 1 tests
04-26 22:42:51.837 30370 30383 I TestRunner: started: pubfetchSimpleString(memphis.myapplication.PublisherAndFetcherTest)
04-26 22:42:51.840 30370 30370 I MonitoringInstr: Activities that are still in CREATED to STOPPED: 0
04-26 22:42:51.840 30370 30383 W ActivityTestRule: getActivityIntent() returned null using default: Intent(Intent.ACTION_MAIN)
04-26 22:42:51.841 30370 30383 I ActivityTestRule: Launching activity: ComponentInfo{memphis.myapplication/memphis.myapplication.MainActivity}
04-26 22:42:51.844 30370 30385 D MonitoringInstr: execStartActivity(context, ibinder, ibinder, activity, intent, int, bundle
04-26 22:42:51.845   794  1436 I ActivityManager: START u0 {act=android.intent.action.MAIN flg=0x14000000 cmp=memphis.myapplication/.MainActivity} from uid 10071 on display 0
04-26 22:42:51.889 30370 30370 D LifecycleMonitor: Lifecycle status change: memphis.myapplication.MainActivity@492980b in: PRE_ON_CREATE
04-26 22:42:51.904 30370 30370 W art     : Before Android 4.1, method android.graphics.PorterDuffColorFilter android.support.graphics.drawable.VectorDrawableCompat.updateTintFilter(android.graphics.PorterDuffColorFilter, android.content.res.ColorStateList, android.graphics.PorterDuff$Mode) would have incorrectly overridden the package-private method in android.graphics.drawable.Drawable
04-26 22:42:52.010 30370 30370 D LifecycleMonitor: Lifecycle status change: memphis.myapplication.MainActivity@492980b in: CREATED
04-26 22:42:52.011 30370 30370 D LifecycleMonitor: Lifecycle status change: memphis.myapplication.MainActivity@492980b in: STARTED
04-26 22:42:52.011 30370 30370 D LifecycleMonitor: Lifecycle status change: memphis.myapplication.MainActivity@492980b in: RESUMED
04-26 22:42:52.019 30370 30386 D OpenGLRenderer: Use EGL_SWAP_BEHAVIOR_PRESERVED: true
04-26 22:42:52.071 30370 30386 I Adreno-EGL: <qeglDrvAPI_eglInitialize:410>: EGL 1.4 QUALCOMM build: AU_LINUX_ANDROID_LA.AF.1.1_RB1.05.00.02.006.020_msm8960_LA.AF.1.1_RB1__release_AU ()
04-26 22:42:52.071 30370 30386 I Adreno-EGL: OpenGL ES Shader Compiler Version: E031.25.03.06
04-26 22:42:52.071 30370 30386 I Adreno-EGL: Build Date: 03/30/15 Mon
04-26 22:42:52.071 30370 30386 I Adreno-EGL: Local Branch: mybranch8688311
04-26 22:42:52.071 30370 30386 I Adreno-EGL: Remote Branch: quic/LA.AF.1.1_rb1.16
04-26 22:42:52.071 30370 30386 I Adreno-EGL: Local Patches: NONE
04-26 22:42:52.071 30370 30386 I Adreno-EGL: Reconstruct Branch: AU_LINUX_ANDROID_LA.AF.1.1_RB1.05.00.02.006.020 + 9b2699f + 2215637 + 60aa592 + f2362e6 + 5c64f59 + 82411a1 + 1f36e07 +  NOTHING
04-26 22:42:52.078 30370 30386 I OpenGLRenderer: Initialized EGL, version 1.4
04-26 22:42:52.234   794   842 I ActivityManager: Displayed memphis.myapplication/.MainActivity: +363ms
04-26 22:42:52.248  1357  1357 I LatinIME: Starting input. Cursor position = -1,-1
04-26 22:42:52.248  1357  1357 E RichInputConnection: Unable to connect to the editor to retrieve text.
04-26 22:42:52.248  1357  1357 D RichInputConnection: Will try to retrieve text later.
04-26 22:42:52.248  1357  1357 I InputAttributes: InputType.TYPE_NULL is specified
04-26 22:42:52.265  1357  1357 I LatinIME: Starting input. Cursor position = 0,0
04-26 22:42:52.268 30370 30383 D pubfetchSimpleString: size of bytes for shortContent: 71
04-26 22:42:52.283 30370 30383 D InputManagerEventInjectionStrategy: Creating injection strategy with input manager.
04-26 22:42:52.332 30370 30370 I ViewInteraction: Checking 'MatchesViewAssertion{viewMatcher=is displayed on the screen to the user}' assertion on view with id: memphis.myapplication:id/editText
04-26 22:42:52.376 30370 30370 I ViewInteraction: Performing 'replace text' action on view with id: memphis.myapplication:id/editText
04-26 22:42:52.382  1357  1357 I LatinIME: Starting input. Cursor position = 0,0
04-26 22:42:52.409 30370 30370 I ViewInteraction: Performing 'type text(/test/shortContent)' action on view with id: memphis.myapplication:id/editText
04-26 22:42:52.688 30370 30370 D UiControllerImpl: Injecting string: "/test/shortContent"
04-26 22:42:52.703  1357  1357 D EmojiAltPhysicalKeyDetector: onKeyUp() : KeyEvent { action=ACTION_UP, keyCode=KEYCODE_SLASH, scanCode=0, metaState=0, flags=0x8, repeatCount=0, eventTime=189741968, downTime=189741953, deviceId=-1, source=0x101 }
04-26 22:42:52.703  1357  1357 D EmojiAltPhysicalKeyDetector: onKeyUp() : Not Mapped: 76
04-26 22:42:52.722  1357  1357 D EmojiAltPhysicalKeyDetector: onKeyUp() : KeyEvent { action=ACTION_UP, keyCode=KEYCODE_T, scanCode=0, metaState=0, flags=0x8, repeatCount=0, eventTime=189741987, downTime=189741953, deviceId=-1, source=0x101 }
04-26 22:42:52.722  1357  1357 D EmojiAltPhysicalKeyDetector: onKeyUp() : Not Mapped: 48
04-26 22:42:52.738  1357  1357 D EmojiAltPhysicalKeyDetector: onKeyUp() : KeyEvent { action=ACTION_UP, keyCode=KEYCODE_E, scanCode=0, metaState=0, flags=0x8, repeatCount=0, eventTime=189742003, downTime=189741953, deviceId=-1, source=0x101 }
04-26 22:42:52.738  1357  1357 D EmojiAltPhysicalKeyDetector: onKeyUp() : Not Mapped: 33
04-26 22:42:52.754  1357  1357 D EmojiAltPhysicalKeyDetector: onKeyUp() : KeyEvent { action=ACTION_UP, keyCode=KEYCODE_S, scanCode=0, metaState=0, flags=0x8, repeatCount=0, eventTime=189742018, downTime=189741953, deviceId=-1, source=0x101 }
04-26 22:42:52.754  1357  1357 D EmojiAltPhysicalKeyDetector: onKeyUp() : Not Mapped: 47
04-26 22:42:52.770  1357  1357 D EmojiAltPhysicalKeyDetector: onKeyUp() : KeyEvent { action=ACTION_UP, keyCode=KEYCODE_T, scanCode=0, metaState=0, flags=0x8, repeatCount=0, eventTime=189742035, downTime=189741953, deviceId=-1, source=0x101 }
04-26 22:42:52.770  1357  1357 D EmojiAltPhysicalKeyDetector: onKeyUp() : Not Mapped: 48
04-26 22:42:52.787  1357  1357 D EmojiAltPhysicalKeyDetector: onKeyUp() : KeyEvent { action=ACTION_UP, keyCode=KEYCODE_SLASH, scanCode=0, metaState=0, flags=0x8, repeatCount=0, eventTime=189742051, downTime=189741953, deviceId=-1, source=0x101 }
04-26 22:42:52.787  1357  1357 D EmojiAltPhysicalKeyDetector: onKeyUp() : Not Mapped: 76
04-26 22:42:52.803  1357  1357 D EmojiAltPhysicalKeyDetector: onKeyUp() : KeyEvent { action=ACTION_UP, keyCode=KEYCODE_S, scanCode=0, metaState=0, flags=0x8, repeatCount=0, eventTime=189742067, downTime=189741953, deviceId=-1, source=0x101 }
04-26 22:42:52.803  1357  1357 D EmojiAltPhysicalKeyDetector: onKeyUp() : Not Mapped: 47
04-26 22:42:52.820  1357  1357 D EmojiAltPhysicalKeyDetector: onKeyUp() : KeyEvent { action=ACTION_UP, keyCode=KEYCODE_H, scanCode=0, metaState=0, flags=0x8, repeatCount=0, eventTime=189742084, downTime=189741953, deviceId=-1, source=0x101 }
04-26 22:42:52.820  1357  1357 D EmojiAltPhysicalKeyDetector: onKeyUp() : Not Mapped: 36
04-26 22:42:52.837  1357  1357 D EmojiAltPhysicalKeyDetector: onKeyUp() : KeyEvent { action=ACTION_UP, keyCode=KEYCODE_O, scanCode=0, metaState=0, flags=0x8, repeatCount=0, eventTime=189742101, downTime=189741953, deviceId=-1, source=0x101 }
04-26 22:42:52.837  1357  1357 D EmojiAltPhysicalKeyDetector: onKeyUp() : Not Mapped: 43
04-26 22:42:52.855  1357  1357 D EmojiAltPhysicalKeyDetector: onKeyUp() : KeyEvent { action=ACTION_UP, keyCode=KEYCODE_R, scanCode=0, metaState=0, flags=0x8, repeatCount=0, eventTime=189742119, downTime=189741953, deviceId=-1, source=0x101 }
04-26 22:42:52.855  1357  1357 D EmojiAltPhysicalKeyDetector: onKeyUp() : Not Mapped: 46
04-26 22:42:52.870  1357  1357 D EmojiAltPhysicalKeyDetector: onKeyUp() : KeyEvent { action=ACTION_UP, keyCode=KEYCODE_T, scanCode=0, metaState=0, flags=0x8, repeatCount=0, eventTime=189742134, downTime=189741953, deviceId=-1, source=0x101 }
04-26 22:42:52.870  1357  1357 D EmojiAltPhysicalKeyDetector: onKeyUp() : Not Mapped: 48
04-26 22:42:52.901  1357  1357 D EmojiAltPhysicalKeyDetector: onKeyUp() : KeyEvent { action=ACTION_UP, keyCode=KEYCODE_C, scanCode=0, metaState=META_SHIFT_ON|META_SHIFT_LEFT_ON, flags=0x8, repeatCount=0, eventTime=189742166, downTime=189741953, deviceId=-1, source=0x101 }
04-26 22:42:52.901  1357  1357 D EmojiAltPhysicalKeyDetector: onKeyUp() : Not Mapped: 31
04-26 22:42:52.905  1357  1357 D EmojiAltPhysicalKeyDetector: onKeyUp() : KeyEvent { action=ACTION_UP, keyCode=KEYCODE_SHIFT_LEFT, scanCode=0, metaState=0, flags=0x8, repeatCount=0, eventTime=189742169, downTime=189741953, deviceId=-1, source=0x101 }
04-26 22:42:52.905  1357  1357 D EmojiAltPhysicalKeyDetector: onKeyUp() : Not Mapped: 59
04-26 22:42:52.934  1357  1357 D EmojiAltPhysicalKeyDetector: onKeyUp() : KeyEvent { action=ACTION_UP, keyCode=KEYCODE_O, scanCode=0, metaState=0, flags=0x8, repeatCount=0, eventTime=189742198, downTime=189741953, deviceId=-1, source=0x101 }
04-26 22:42:52.934  1357  1357 D EmojiAltPhysicalKeyDetector: onKeyUp() : Not Mapped: 43
04-26 22:42:52.950  1357  1357 D EmojiAltPhysicalKeyDetector: onKeyUp() : KeyEvent { action=ACTION_UP, keyCode=KEYCODE_N, scanCode=0, metaState=0, flags=0x8, repeatCount=0, eventTime=189742215, downTime=189741953, deviceId=-1, source=0x101 }
04-26 22:42:52.950  1357  1357 D EmojiAltPhysicalKeyDetector: onKeyUp() : Not Mapped: 42
04-26 22:42:52.968  1357  1357 D EmojiAltPhysicalKeyDetector: onKeyUp() : KeyEvent { action=ACTION_UP, keyCode=KEYCODE_T, scanCode=0, metaState=0, flags=0x8, repeatCount=0, eventTime=189742232, downTime=189741953, deviceId=-1, source=0x101 }
04-26 22:42:52.968  1357  1357 D EmojiAltPhysicalKeyDetector: onKeyUp() : Not Mapped: 48
04-26 22:42:52.989  1357  1357 D EmojiAltPhysicalKeyDetector: onKeyUp() : KeyEvent { action=ACTION_UP, keyCode=KEYCODE_E, scanCode=0, metaState=0, flags=0x8, repeatCount=0, eventTime=189742254, downTime=189741953, deviceId=-1, source=0x101 }
04-26 22:42:52.989  1357  1357 D EmojiAltPhysicalKeyDetector: onKeyUp() : Not Mapped: 33
04-26 22:42:53.018  1357  1357 D EmojiAltPhysicalKeyDetector: onKeyUp() : KeyEvent { action=ACTION_UP, keyCode=KEYCODE_N, scanCode=0, metaState=0, flags=0x8, repeatCount=0, eventTime=189742282, downTime=189741953, deviceId=-1, source=0x101 }
04-26 22:42:53.018  1357  1357 D EmojiAltPhysicalKeyDetector: onKeyUp() : Not Mapped: 42
04-26 22:42:53.034  1357  1357 D EmojiAltPhysicalKeyDetector: onKeyUp() : KeyEvent { action=ACTION_UP, keyCode=KEYCODE_T, scanCode=0, metaState=0, flags=0x8, repeatCount=0, eventTime=189742299, downTime=189741953, deviceId=-1, source=0x101 }
04-26 22:42:53.034  1357  1357 D EmojiAltPhysicalKeyDetector: onKeyUp() : Not Mapped: 48
04-26 22:42:53.044 30370 30370 I ViewInteraction: Checking 'MatchesViewAssertion{viewMatcher=is displayed on the screen to the user}' assertion on view with id: memphis.myapplication:id/button3
04-26 22:42:53.051 30370 30370 I ViewInteraction: Performing 'single click' action on view with id: memphis.myapplication:id/button3
04-26 22:42:53.115   794   949 D AudioService: Stream muted, skip playback
04-26 22:42:53.127 30370 30370 I IdentityManager: Get new key ID
04-26 22:42:53.127 30370 30370 I IdentityManager: Generate key pair in private storage
04-26 22:42:53.642 30370 30370 I IdentityManager: Create a key record in public storage
04-26 22:42:53.694 30370 30370 D setup_security: Certificate was generated.
04-26 22:42:53.695 30370 30370 D setup_security: Security was setup successfully
04-26 22:42:53.695 30370 30370 I IdentityManager: Get new key ID
04-26 22:42:53.695 30370 30370 I IdentityManager: Generate key pair in private storage
04-26 22:42:55.133  1357  1357 W InputConnectionWrapper.ICC: Timed out waiting on IInputContextCallback
04-26 22:42:55.133  1357  1357 W RichInputConnection: Slow InputConnection: GET_TEXT_AFTER_CURSOR took 2000 ms.
04-26 22:42:55.386 19792 26784 V TcpTransport: [id=256,local=tcp4://127.0.0.1:6363,remote=tcp4://127.0.0.1:57178] Received: 52 bytes
04-26 22:42:55.386 19792 26784 V LinkService: [id=256,local=tcp4://127.0.0.1:6363,remote=tcp4://127.0.0.1:57178] void nfd::face::LinkService::receiveInterest(const ndn::Interest&)
04-26 22:42:55.387 19792 26784 V NameTreeHashtable: found / hash=0 bucket=0
04-26 22:42:55.387 19792 26784 V NameTreeHashtable: found /localhost hash=130514639 bucket=719
04-26 22:42:55.387 19792 26784 V NameTreeHashtable: found /localhost/nfd hash=182975112 bucket=648
04-26 22:42:55.387 19792 26784 V NameTreeHashtable: found /localhost/nfd/faces hash=1997336817 bucket=241
04-26 22:42:55.387 19792 26784 V NameTreeHashtable: found /localhost/nfd/faces/events hash=1883855123 bucket=275
04-26 22:42:55.387 19792 26784 V Strategy: lookupFib noLinkObject found=/localhost/nfd
04-26 22:42:55.387 19792 26784 V LinkService: [id=1,local=internal://,remote=internal://] void nfd::face::LinkService::sendInterest(const ndn::Interest&)
04-26 22:42:55.387 19792 26784 V InternalForwarderTransport: [id=1,local=internal://,remote=internal://] virtual void nfd::face::InternalForwarderTransport::doSend(nfd::face::Transport::Packet&&)
04-26 22:42:56.939 30370 30370 I IdentityManager: Create a key record in public storage
04-26 22:42:56.984 30370 30370 D setup_security: Certificate was generated.
04-26 22:42:56.984 30370 30370 D setup_security: Security was setup successfully
04-26 22:42:56.984 30370 30370 D register_with_nfd: Starting registration process.
04-26 22:42:57.103 19792 26784 D TcpChannel: [0.0.0.0:6363] Connection from 127.0.0.1:57203
04-26 22:42:57.103 19792 26784 I TcpTransport: [id=0,local=tcp4://127.0.0.1:6363,remote=tcp4://127.0.0.1:57203] Creating transport
04-26 22:42:57.103 19792 26784 I FaceTable: Added face id=281 remote=tcp4://127.0.0.1:57203 local=tcp4://127.0.0.1:6363
04-26 22:42:57.131 19792 26784 V TcpTransport: [id=281,local=tcp4://127.0.0.1:6363,remote=tcp4://127.0.0.1:57203] Received: 423 bytes
04-26 22:42:57.131 19792 26784 V LinkService: [id=281,local=tcp4://127.0.0.1:6363,remote=tcp4://127.0.0.1:57203] void nfd::face::LinkService::receiveInterest(const ndn::Interest&)
04-26 22:42:57.131 19792 26784 V NameTreeHashtable: found / hash=0 bucket=0
04-26 22:42:57.131 19792 26784 V NameTreeHashtable: found /localhost hash=130514639 bucket=719
04-26 22:42:57.131 19792 26784 V NameTreeHashtable: found /localhost/nfd hash=182975112 bucket=648
04-26 22:42:57.131 19792 26784 V NameTreeHashtable: found /localhost/nfd/rib hash=2912921620 bucket=20
04-26 22:42:57.131 19792 26784 V NameTreeHashtable: insert /localhost/nfd/rib/register hash=715759028 bucket=436
04-26 22:42:57.131 19792 26784 V NameTreeHashtable: insert /localhost/nfd/rib/register/h%16%07%14%08%04test%08%0CshortContent hash=1511604863 bucket=639
04-26 22:42:57.131 19792 26784 V NameTreeHashtable: insert /localhost/nfd/rib/register/h%16%07%14%08%04test%08%0CshortContent/%00%00%01c%052%5D%DC hash=1889455122 bucket=18
04-26 22:42:57.131 19792 26784 V NameTreeHashtable: insert /localhost/nfd/rib/register/h%16%07%14%08%04test%08%0CshortContent/%00%00%01c%052%5D%DC/%14%CD%C3%BB%06%BDm%1A hash=817559097 bucket=569
04-26 22:42:57.131 19792 26784 V NameTreeHashtable: insert /localhost/nfd/rib/register/h%16%07%14%08%04test%08%0CshortContent/%00%00%01c%052%5D%DC/%14%CD%C3%BB%06%BDm%1A/%168%1B%01%01%1C3%071%08%04test%08%08identity%08%03KEY%08%11ksk-1524800573695%08%07ID-CERT hash=3102124383 bucket=351
04-26 22:42:57.131 19792 26784 V NameTreeHashtable: insert /localhost/nfd/rib/register/h%16%07%14%08%04test%08%0CshortContent/%00%00%01c%052%5D%DC/%14%CD%C3%BB%06%BDm%1A/%168%1B%01%01%1C3%071%08%04test%08%08identity%08%03KEY%08%11ksk-1524800573695%08%07ID-CERT/%17%FD%01%00%28Qm8%FC%89%DA%C9%7E%BE%D2%87%BDi%05%7B%9Ee%AD%8A%C5%02%E0%0C%A2%A5%91xM%ED%AF%84%F5%DC%03x%B8%89%A2%DC%DB%AB%B9%3FZ%9F%3C%5D%D3%E4%28%0D%E7%7CQ%B2UO%E2%02%E7%BC72A%5D%CA%1B%3A%ABe.r%A7%5B%AC%12%1D%CB%03%FD%C4%1D%0Ad%99%18%11y%7F%A9%AC%20N%B3%94-8%7E%B493P%7C%C6%EDZ%8F%B1%2CeR%0A%80w1%EEe%D0%93P%AD%E2%97%0A8%03%C7%28%E8e%97H%BF%3A%C4I%9B1u%F423%F3%22%E5%1D%EB%DDY%AC%92U%AB%7D%01%2CD%D5%C2%8F%09%D4B%FEo4%BD%18%F3%10%2F%5C2%C7%18f%A7%0D%ED%22%E9%81%29%9CIBg.%B1yfN%5D%C0%83I%B3%CB%3E%B7%86%B4%A4%0A%27%D5%97%8B%1E%D2%CC%9E%10%DE%EC%C2J%ABa%15cr%EB%D3%29%ED%25%28%09%3A%FA%8F%C9%A0%09%C9%5Bn7%D6w%7F%7C%8F%92%BD%E5%B3Fu%F3%A1%EC%B9q hash=3747886644 bucket=564
04-26 22:42:57.131 19792 26784 V Strategy: lookupFib noLinkObject found=/localhost/nfd/rib
04-26 22:42:57.131 19792 26784 V LinkService: [id=256,local=tcp4://127.0.0.1:6363,remote=tcp4://127.0.0.1:57178] void nfd::face::LinkService::sendInterest(const ndn::Interest&)
04-26 22:42:57.132 19792 26784 V TcpTransport: [id=256,local=tcp4://127.0.0.1:6363,remote=tcp4://127.0.0.1:57178] void nfd::face::StreamTransport<Protocol>::doSend(nfd::face::Transport::Packet&&) [with Protocol = boost::asio::ip::tcp]
04-26 22:42:57.132 19792 26784 V InternalForwarderTransport: [id=1,local=internal://,remote=internal://] virtual void nfd::face::InternalForwarderTransport::receiveFromLink(const ndn::Block&)
04-26 22:42:57.132 19792 26784 V LinkService: [id=1,local=internal://,remote=internal://] void nfd::face::LinkService::receiveData(const ndn::Data&)
04-26 22:42:57.132 19792 26784 V NameTreeHashtable: not-found /localhost/nfd/faces/events/%FE3 hash=2108991083 bucket=619
04-26 22:42:57.132 19792 26784 V NameTreeHashtable: found /localhost/nfd/faces/events hash=1883855123 bucket=275
04-26 22:42:57.132 19792 26784 V NameTreeIterator: initialized entry=/localhost/nfd/faces/events ref=/localhost/nfd/faces/events state=0
04-26 22:42:57.132 19792 26784 V NameTreeIterator: advanced end
04-26 22:42:57.132 19792 26784 D Strategy: beforeSatisfyInterest pitEntry=/localhost/nfd/faces/events inFace=1 data=/localhost/nfd/faces/events/%FE3
04-26 22:42:57.132 19792 26784 V LinkService: [id=256,local=tcp4://127.0.0.1:6363,remote=tcp4://127.0.0.1:57178] void nfd::face::LinkService::sendData(const ndn::Data&)
04-26 22:42:57.132 19792 26784 V TcpTransport: [id=256,local=tcp4://127.0.0.1:6363,remote=tcp4://127.0.0.1:57178] void nfd::face::StreamTransport<Protocol>::doSend(nfd::face::Transport::Packet&&) [with Protocol = boost::asio::ip::tcp]
04-26 22:42:57.132 19792 26784 V TcpTransport: [id=256,local=tcp4://127.0.0.1:6363,remote=tcp4://127.0.0.1:57178] Successfully sent: 437 bytes
04-26 22:42:57.134  1357  1357 W InputConnectionWrapper.ICC: Timed out waiting on IInputContextCallback
04-26 22:42:57.134  1357  1357 W RichInputConnection: Slow InputConnection: GET_WORD_RANGE_AT_CURSOR took 2001 ms.
04-26 22:42:57.160 19792 26784 I RibManager: Adding route /test/shortContent nexthop=281 origin=0 cost=0
04-26 22:42:57.160 19792 26784 D FibUpdater: Computing updates for batch with faceID: 281
04-26 22:42:57.160 19792 26784 D FibUpdater: Applying 1 update to FIB
04-26 22:42:57.160 19792 26784 D FibUpdater: Sending FIB update: FibUpdate( Name: /test/shortContent, faceId: 281, cost: 0, action: ADD_NEXTHOP)
04-26 22:42:57.187 19792 26784 V RibManager: onNotification: FaceEventNotification(Kind: created, FaceID: 281, RemoteUri: tcp4://127.0.0.1:57203, LocalUri: tcp4://127.0.0.1:6363, FaceScope: local, FacePersistency: on-demand, LinkType: point-to-point, Flags: 0)
04-26 22:42:57.187 19792 26784 V TcpTransport: [id=256,local=tcp4://127.0.0.1:6363,remote=tcp4://127.0.0.1:57178] Successfully sent: 452 bytes
04-26 22:42:57.188 19792 26784 V TcpTransport: [id=256,local=tcp4://127.0.0.1:6363,remote=tcp4://127.0.0.1:57178] Received: 1223 bytes
04-26 22:42:57.188 19792 26784 V LinkService: [id=256,local=tcp4://127.0.0.1:6363,remote=tcp4://127.0.0.1:57178] void nfd::face::LinkService::receiveData(const ndn::Data&)
04-26 22:42:57.188 19792 26784 V NameTreeHashtable: found /localhost/nfd/rib/register/h%16%07%14%08%04test%08%0CshortContent/%00%00%01c%052%5D%DC/%14%CD%C3%BB%06%BDm%1A/%168%1B%01%01%1C3%071%08%04test%08%08identity%08%03KEY%08%11ksk-1524800573695%08%07ID-CERT/%17%FD%01%00%28Qm8%FC%89%DA%C9%7E%BE%D2%87%BDi%05%7B%9Ee%AD%8A%C5%02%E0%0C%A2%A5%91xM%ED%AF%84%F5%DC%03x%B8%89%A2%DC%DB%AB%B9%3FZ%9F%3C%5D%D3%E4%28%0D%E7%7CQ%B2UO%E2%02%E7%BC72A%5D%CA%1B%3A%ABe.r%A7%5B%AC%12%1D%CB%03%FD%C4%1D%0Ad%99%18%11y%7F%A9%AC%20N%B3%94-8%7E%B493P%7C%C6%EDZ%8F%B1%2CeR%0A%80w1%EEe%D0%93P%AD%E2%97%0A8%03%C7%28%E8e%97H%BF%3A%C4I%9B1u%F423%F3%22%E5%1D%EB%DDY%AC%92U%AB%7D%01%2CD%D5%C2%8F%09%D4B%FEo4%BD%18%F3%10%2F%5C2%C7%18f%A7%0D%ED%22%E9%81%29%9CIBg.%B1yfN%5D%C0%83I%B3%CB%3E%B7%86%B4%A4%0A%27%D5%97%8B%1E%D2%CC%9E%10%DE%EC%C2J%ABa%15cr%EB%D3%29%ED%25%28%09%3A%FA%8F%C9%A0%09%C9%5Bn7%D6w%7F%7C%8F%92%BD%E5%B3Fu%F3%A1%EC%B9q hash=3747886644 bucket=564
04-26 22:42:57.188 19792 26784 V NameTreeIterator: initialized entry=/localhost/nfd/rib/register/h%16%07%14%08%04test%08%0CshortContent/%00%00%01c%052%5D%DC/%14%CD%C3%BB%06%BDm%1A/%168%1B%01%01%1C3%071%08%04test%08%08identity%08%03KEY%08%11ksk-1524800573695%08%07ID-CERT/%17%FD%01%00%28Qm8%FC%89%DA%C9%7E%BE%D2%87%BDi%05%7B%9Ee%AD%8A%C5%02%E0%0C%A2%A5%91xM%ED%AF%84%F5%DC%03x%B8%89%A2%DC%DB%AB%B9%3FZ%9F%3C%5D%D3%E4%28%0D%E7%7CQ%B2UO%E2%02%E7%BC72A%5D%CA%1B%3A%ABe.r%A7%5B%AC%12%1D%CB%03%FD%C4%1D%0Ad%99%18%11y%7F%A9%AC%20N%B3%94-8%7E%B493P%7C%C6%EDZ%8F%B1%2CeR%0A%80w1%EEe%D0%93P%AD%E2%97%0A8%03%C7%28%E8e%97H%BF%3A%C4I%9B1u%F423%F3%22%E5%1D%EB%DDY%AC%92U%AB%7D%01%2CD%D5%C2%8F%09%D4B%FEo4%BD%18%F3%10%2F%5C2%C7%18f%A7%0D%ED%22%E9%81%29%9CIBg.%B1yfN%5D%C0%83I%B3%CB%3E%B7%86%B4%A4%0A%27%D5%97%8B%1E%D2%CC%9E%10%DE%EC%C2J%ABa%15cr%EB%D3%29%ED%25%28%09%3A%FA%8F%C9%A0%09%C9%5Bn7%D6w%7F%7C%8F%92%BD%E5%B3Fu%F3%A1%EC%B9q ref=/localhost/nfd/rib/register/h%16%07%14%08%04test%08%0CshortContent/%00%00%01c%052%5D%DC/%14%CD%C3%BB%06%BDm%1A/%168%1B%01%01%1C3%071%08%04test%08%08iden
04-26 22:42:57.188 19792 26784 V NameTreeIterator: advanced end
04-26 22:42:57.188 19792 26784 D Strategy: beforeSatisfyInterest pitEntry=/localhost/nfd/rib/register/h%16%07%14%08%04test%08%0CshortContent/%00%00%01c%052%5D%DC/%14%CD%C3%BB%06%BDm%1A/%168%1B%01%01%1C3%071%08%04test%08%08identity%08%03KEY%08%11ksk-1524800573695%08%07ID-CERT/%17%FD%01%00%28Qm8%FC%89%DA%C9%7E%BE%D2%87%BDi%05%7B%9Ee%AD%8A%C5%02%E0%0C%A2%A5%91xM%ED%AF%84%F5%DC%03x%B8%89%A2%DC%DB%AB%B9%3FZ%9F%3C%5D%D3%E4%28%0D%E7%7CQ%B2UO%E2%02%E7%BC72A%5D%CA%1B%3A%ABe.r%A7%5B%AC%12%1D%CB%03%FD%C4%1D%0Ad%99%18%11y%7F%A9%AC%20N%B3%94-8%7E%B493P%7C%C6%EDZ%8F%B1%2CeR%0A%80w1%EEe%D0%93P%AD%E2%97%0A8%03%C7%28%E8e%97H%BF%3A%C4I%9B1u%F423%F3%22%E5%1D%EB%DDY%AC%92U%AB%7D%01%2CD%D5%C2%8F%09%D4B%FEo4%BD%18%F3%10%2F%5C2%C7%18f%A7%0D%ED%22%E9%81%29%9CIBg.%B1yfN%5D%C0%83I%B3%CB%3E%B7%86%B4%A4%0A%27%D5%97%8B%1E%D2%CC%9E%10%DE%EC%C2J%ABa%15cr%EB%D3%29%ED%25%28%09%3A%FA%8F%C9%A0%09%C9%5Bn7%D6w%7F%7C%8F%92%BD%E5%B3Fu%F3%A1%EC%B9q inFace=256 data=/localhost/nfd/rib/register/h%16%07%14%08%04test%08%0CshortContent/%00%00%01c%052%5D%DC/%14%CD%C3%BB%06%BDm%1A/%168%1B%01%01%1C
04-26 22:42:57.188 19792 26784 V LinkService: [id=281,local=tcp4://127.0.0.1:6363,remote=tcp4://127.0.0.1:57203] void nfd::face::LinkService::sendData(const ndn::Data&)
04-26 22:42:57.189 19792 26784 V TcpTransport: [id=281,local=tcp4://127.0.0.1:6363,remote=tcp4://127.0.0.1:57203] void nfd::face::StreamTransport<Protocol>::doSend(nfd::face::Transport::Packet&&) [with Protocol = boost::asio::ip::tcp]
04-26 22:42:57.189 19792 26784 V LinkService: [id=256,local=tcp4://127.0.0.1:6363,remote=tcp4://127.0.0.1:57178] void nfd::face::LinkService::receiveInterest(const ndn::Interest&)
04-26 22:42:57.189 19792 26784 V NameTreeHashtable: found / hash=0 bucket=0
04-26 22:42:57.189 19792 26784 V NameTreeHashtable: found /localhost hash=130514639 bucket=719
04-26 22:42:57.189 19792 26784 V NameTreeHashtable: found /localhost/nfd hash=182975112 bucket=648
04-26 22:42:57.189 19792 26784 V NameTreeHashtable: insert /localhost/nfd/fib hash=3464542132 bucket=948
04-26 22:42:57.189 19792 26784 V NameTreeHashtable: insert /localhost/nfd/fib/add-nexthop hash=247130391 bucket=279
04-26 22:42:57.189 19792 26784 V NameTreeHashtable: insert /localhost/nfd/fib/add-nexthop/h%1D%07%14%08%04test%08%0CshortContenti%02%01%19j%01%00 hash=3758210321 bucket=273
04-26 22:42:57.189 19792 26784 V NameTreeHashtable: insert /localhost/nfd/fib/add-nexthop/h%1D%07%14%08%04test%08%0CshortContenti%02%01%19j%01%00/%00%00%01c%052%5E%88 hash=393337464 bucket=632
04-26 22:42:57.189 19792 26784 V NameTreeHashtable: insert /localhost/nfd/fib/add-nexthop/h%1D%07%14%08%04test%08%0CshortContenti%02%01%19j%01%00/%00%00%01c%052%5E%88/W%CEh%CA%86%F9%D5%3D hash=2604420863 bucket=767
04-26 22:42:57.189 19792 26784 V NameTreeHashtable: insert /localhost/nfd/fib/add-nexthop/h%1D%07%14%08%04test%08%0CshortContenti%02%01%19j%01%00/%00%00%01c%052%5E%88/W%CEh%CA%86%F9%D5%3D/%16%3C%1B%01%01%1C7%075%08%0Ctmp-identity%08%04%B2%89H%CD%08%03KEY%08%11ksk-1522437657329%08%07ID-CERT hash=3053384089 bucket=409
04-26 22:42:57.189 19792 26784 V NameTreeHashtable: insert /localhost/nfd/fib/add-nexthop/h%1D%07%14%08%04test%08%0CshortContenti%02%01%19j%01%00/%00%00%01c%052%5E%88/W%CEh%CA%86%F9%D5%3D/%16%3C%1B%01%01%1C7%075%08%0Ctmp-identity%08%04%B2%89H%CD%08%03KEY%08%11ksk-1522437657329%08%07ID-CERT/%17%FD%01%00%90%863C%D65%A9yw%3F%8A%05a%E5%03%CF%EE%93%E3%18%B3m%97%7E%A9%8B%8A1%09%A3%1B%FFW2%B0%CEC%26C%7D%F8%ABMo-%16%B9%CD8%94%2F%CD%E0%12%E1CWn%0A%9FG%93%11%A2%7B%86%E9%9D%B2%CBj%9B%C4%60%AD%3B%97%E4%03%9E%3A%CBva%90%84%1C%C72%AE%AF%D2T%C8%05%8A%8F%DB%E3%FDH%19%F9%D9%14br%F6nh%22%81%BBV%C6%A32%D3HnW%A5T%21%C2%7C%EC%ED%A6%FE7%908%00%0Fh%06%23%A0%DC%1D%889%BA%8C%85%E6%FE%02%BB%03T%8B%92p%5DT8%17H%FC%C7E%AB8%9F%F7%08%1Chy%E1.%81%F0%84T%DA%29T%9Fy%93j%D00g%E9%25E%8BiQ%A9q%9C%0E%8A%05b%9BF%A5%00%40L%A11n%1CK%C5%9A%BE%D5%13%1B%FAq%BCi%82%16%FB%F4B%A0%8F%23%D0%E2Z%CE%D6T%00%8F%BC%80%DEY%7F%E4%E2%B3%0D%F5d%EAa%25Xd%F2%13%CD hash=2435799914 bucket=874
04-26 22:42:57.189 19792 26784 V Strategy: lookupFib noLinkObject found=/localhost/nfd
04-26 22:42:57.189 19792 26784 V LinkService: [id=1,local=internal://,remote=internal://] void nfd::face::LinkService::sendInterest(const ndn::Interest&)
