04-26 22:42:57.189 19792 26784 V InternalForwarderTransport: [id=1,local=internal://,remote=internal://] virtual void nfd::face::InternalForwarderTransport::doSend(nfd::face::Transport::Packet&&)
04-26 22:42:57.190 19792 26784 V TcpTransport: [id=281,local=tcp4://127.0.0.1:6363,remote=tcp4://127.0.0.1:57203] Successfully sent: 790 bytes
04-26 22:42:57.190 19792 26784 D CommandAuthenticator: accept /localhost/nfd/fib/add-nexthop/h%1D%07%14%08%04test%08%0CshortContenti%02%01%19j%01%00/%00%00%01c%052%5E%88/W%CEh%CA%86%F9%D5%3D/%16%3C%1B%01%01%1C7%075%08%0Ctmp-identity%08%04%B2%89H%CD%08%03KEY%08%11ksk-1522437657329%08%07ID-CERT/%17%FD%01%00%90%863C%D65%A9yw%3F%8A%05a%E5%03%CF%EE%93%E3%18%B3m%97%7E%A9%8B%8A1%09%A3%1B%FFW2%B0%CEC%26C%7D%F8%ABMo-%16%B9%CD8%94%2F%CD%E0%12%E1CWn%0A%9FG%93%11%A2%7B%86%E9%9D%B2%CBj%9B%C4%60%AD%3B%97%E4%03%9E%3A%CBva%90%84%1C%C72%AE%AF%D2T%C8%05%8A%8F%DB%E3%FDH%19%F9%D9%14br%F6nh%22%81%BBV%C6%A32%D3HnW%A5T%21%C2%7C%EC%ED%A6%FE7%908%00%0Fh%06%23%A0%DC%1D%889%BA%8C%85%E6%FE%02%BB%03T%8B%92p%5DT8%17H%FC%C7E%AB8%9F%F7%08%1Chy%E1.%81%F0%84T%DA%29T%9Fy%93j%D00g%E9%25E%8BiQ%A9q%9C%0E%8A%05b%9BF%A5%00%40L%A11n%1CK%C5%9A%BE%D5%13%1B%FAq%BCi%82%16%FB%F4B%A0%8F%23%D0%E2Z%CE%D6T%00%8F%BC%80%DEY%7F%E4%E2%B3%0D%F5d%EAa%25Xd%F2%13%CD allowAny
04-26 22:42:57.190 19792 26784 V FibManager: add-nexthop prefix: /test/shortContent faceid: 281 cost: 0
04-26 22:42:57.190 19792 26784 V NameTreeHashtable: found / hash=0 bucket=0
04-26 22:42:57.190 19792 26784 V NameTreeHashtable: insert /test hash=884663382 bucket=86
04-26 22:42:57.190 19792 26784 V NameTreeHashtable: insert /test/shortContent hash=3077037191 bucket=135
04-26 22:42:57.190 19792 26784 D FibManager: add-nexthop result: OK prefix:/test/shortContent faceid: 281 cost: 0
04-26 22:42:57.194 30370 30370 I Node    : Register prefix succeeded with the NFD forwarder for prefix {0}
04-26 22:42:57.194 30370 30370 D OnRegisterSuccess: Registration Success for prefix: /test/shortContent, id: 1
04-26 22:42:57.208 30370 30370 I Choreographer: Skipped 244 frames!  The application may be doing too much work on its main thread.
04-26 22:42:57.212  1357  1646 I InputConnectionWrapper.ICC: Got out-of-sequence callback 7484 (expected 7486) in setTextAfterCursor, ignoring.
04-26 22:42:57.212  1357  1646 I InputConnectionWrapper.ICC: Got out-of-sequence callback 7485 (expected 7486) in setTextBeforeCursor, ignoring.
04-26 22:42:57.229 19792 26784 V TcpTransport: [id=256,local=tcp4://127.0.0.1:6363,remote=tcp4://127.0.0.1:57178] Received: 49 bytes
04-26 22:42:57.229 19792 26784 V LinkService: [id=256,local=tcp4://127.0.0.1:6363,remote=tcp4://127.0.0.1:57178] void nfd::face::LinkService::receiveInterest(const ndn::Interest&)
04-26 22:42:57.229 19792 26784 V NameTreeHashtable: found / hash=0 bucket=0
04-26 22:42:57.229 19792 26784 V NameTreeHashtable: found /localhost hash=130514639 bucket=719
04-26 22:42:57.229 19792 26784 V NameTreeHashtable: found /localhost/nfd hash=182975112 bucket=648
04-26 22:42:57.229 19792 26784 V NameTreeHashtable: found /localhost/nfd/faces hash=1997336817 bucket=241
04-26 22:42:57.229 19792 26784 V NameTreeHashtable: found /localhost/nfd/faces/events hash=1883855123 bucket=275
04-26 22:42:57.229 19792 26784 V NameTreeHashtable: insert /localhost/nfd/faces/events/%FE4 hash=2277600253 bucket=1021
04-26 22:42:57.230 19792 26784 V Strategy: lookupFib noLinkObject found=/localhost/nfd
04-26 22:42:57.230 19792 26784 V LinkService: [id=1,local=internal://,remote=internal://] void nfd::face::LinkService::sendInterest(const ndn::Interest&)
04-26 22:42:57.230 19792 26784 V InternalForwarderTransport: [id=1,local=internal://,remote=internal://] virtual void nfd::face::InternalForwarderTransport::doSend(nfd::face::Transport::Packet&&)
04-26 22:42:57.230 19792 26784 V InternalForwarderTransport: [id=1,local=internal://,remote=internal://] virtual void nfd::face::InternalForwarderTransport::receiveFromLink(const ndn::Block&)
04-26 22:42:57.230 19792 26784 V LinkService: [id=1,local=internal://,remote=internal://] void nfd::face::LinkService::receiveData(const ndn::Data&)
04-26 22:42:57.230 19792 26784 V NameTreeHashtable: found /localhost/nfd/fib/add-nexthop/h%1D%07%14%08%04test%08%0CshortContenti%02%01%19j%01%00/%00%00%01c%052%5E%88/W%CEh%CA%86%F9%D5%3D/%16%3C%1B%01%01%1C7%075%08%0Ctmp-identity%08%04%B2%89H%CD%08%03KEY%08%11ksk-1522437657329%08%07ID-CERT/%17%FD%01%00%90%863C%D65%A9yw%3F%8A%05a%E5%03%CF%EE%93%E3%18%B3m%97%7E%A9%8B%8A1%09%A3%1B%FFW2%B0%CEC%26C%7D%F8%ABMo-%16%B9%CD8%94%2F%CD%E0%12%E1CWn%0A%9FG%93%11%A2%7B%86%E9%9D%B2%CBj%9B%C4%60%AD%3B%97%E4%03%9E%3A%CBva%90%84%1C%C72%AE%AF%D2T%C8%05%8A%8F%DB%E3%FDH%19%F9%D9%14br%F6nh%22%81%BBV%C6%A32%D3HnW%A5T%21%C2%7C%EC%ED%A6%FE7%908%00%0Fh%06%23%A0%DC%1D%889%BA%8C%85%E6%FE%02%BB%03T%8B%92p%5DT8%17H%FC%C7E%AB8%9F%F7%08%1Chy%E1.%81%F0%84T%DA%29T%9Fy%93j%D00g%E9%25E%8BiQ%A9q%9C%0E%8A%05b%9BF%A5%00%40L%A11n%1CK%C5%9A%BE%D5%13%1B%FAq%BCi%82%16%FB%F4B%A0%8F%23%D0%E2Z%CE%D6T%00%8F%BC%80%DEY%7F%E4%E2%B3%0D%F5d%EAa%25Xd%F2%13%CD hash=2435799914 bucket=874
04-26 22:42:57.230 19792 26784 V NameTreeIterator: initialized entry=/localhost/nfd/fib/add-nexthop/h%1D%07%14%08%04test%08%0CshortContenti%02%01%19j%01%00/%00%00%01c%052%5E%88/W%CEh%CA%86%F9%D5%3D/%16%3C%1B%01%01%1C7%075%08%0Ctmp-identity%08%04%B2%89H%CD%08%03KEY%08%11ksk-1522437657329%08%07ID-CERT/%17%FD%01%00%90%863C%D65%A9yw%3F%8A%05a%E5%03%CF%EE%93%E3%18%B3m%97%7E%A9%8B%8A1%09%A3%1B%FFW2%B0%CEC%26C%7D%F8%ABMo-%16%B9%CD8%94%2F%CD%E0%12%E1CWn%0A%9FG%93%11%A2%7B%86%E9%9D%B2%CBj%9B%C4%60%AD%3B%97%E4%03%9E%3A%CBva%90%84%1C%C72%AE%AF%D2T%C8%05%8A%8F%DB%E3%FDH%19%F9%D9%14br%F6nh%22%81%BBV%C6%A32%D3HnW%A5T%21%C2%7C%EC%ED%A6%FE7%908%00%0Fh%06%23%A0%DC%1D%889%BA%8C%85%E6%FE%02%BB%03T%8B%92p%5DT8%17H%FC%C7E%AB8%9F%F7%08%1Chy%E1.%81%F0%84T%DA%29T%9Fy%93j%D00g%E9%25E%8BiQ%A9q%9C%0E%8A%05b%9BF%A5%00%40L%A11n%1CK%C5%9A%BE%D5%13%1B%FAq%BCi%82%16%FB%F4B%A0%8F%23%D0%E2Z%CE%D6T%00%8F%BC%80%DEY%7F%E4%E2%B3%0D%F5d%EAa%25Xd%F2%13%CD ref=/localhost/nfd/fib/add-nexthop/h%1D%07%14%08%04test%08%0CshortContenti%02%01%19j%01%00/%00%00%01c%052%5E%88/W%CEh%CA%86%F9%D5%3D/%16%3C%1B%0
04-26 22:42:57.230 19792 26784 V NameTreeIterator: advanced end
04-26 22:42:57.230 19792 26784 D Strategy: beforeSatisfyInterest pitEntry=/localhost/nfd/fib/add-nexthop/h%1D%07%14%08%04test%08%0CshortContenti%02%01%19j%01%00/%00%00%01c%052%5E%88/W%CEh%CA%86%F9%D5%3D/%16%3C%1B%01%01%1C7%075%08%0Ctmp-identity%08%04%B2%89H%CD%08%03KEY%08%11ksk-1522437657329%08%07ID-CERT/%17%FD%01%00%90%863C%D65%A9yw%3F%8A%05a%E5%03%CF%EE%93%E3%18%B3m%97%7E%A9%8B%8A1%09%A3%1B%FFW2%B0%CEC%26C%7D%F8%ABMo-%16%B9%CD8%94%2F%CD%E0%12%E1CWn%0A%9FG%93%11%A2%7B%86%E9%9D%B2%CBj%9B%C4%60%AD%3B%97%E4%03%9E%3A%CBva%90%84%1C%C72%AE%AF%D2T%C8%05%8A%8F%DB%E3%FDH%19%F9%D9%14br%F6nh%22%81%BBV%C6%A32%D3HnW%A5T%21%C2%7C%EC%ED%A6%FE7%908%00%0Fh%06%23%A0%DC%1D%889%BA%8C%85%E6%FE%02%BB%03T%8B%92p%5DT8%17H%FC%C7E%AB8%9F%F7%08%1Chy%E1.%81%F0%84T%DA%29T%9Fy%93j%D00g%E9%25E%8BiQ%A9q%9C%0E%8A%05b%9BF%A5%00%40L%A11n%1CK%C5%9A%BE%D5%13%1B%FAq%BCi%82%16%FB%F4B%A0%8F%23%D0%E2Z%CE%D6T%00%8F%BC%80%DEY%7F%E4%E2%B3%0D%F5d%EAa%25Xd%F2%13%CD inFace=1 data=/localhost/nfd/fib/add-nexthop/h%1D%07%14%08%04test%08%0CshortContenti%02%01%19j%01%00/%00%00%01c%052%5E%88/W%CEh%CA%
04-26 22:42:57.230 19792 26784 V LinkService: [id=256,local=tcp4://127.0.0.1:6363,remote=tcp4://127.0.0.1:57178] void nfd::face::LinkService::sendData(const ndn::Data&)
04-26 22:42:57.230 19792 26784 V TcpTransport: [id=256,local=tcp4://127.0.0.1:6363,remote=tcp4://127.0.0.1:57178] void nfd::face::StreamTransport<Protocol>::doSend(nfd::face::Transport::Packet&&) [with Protocol = boost::asio::ip::tcp]
04-26 22:42:57.231 19792 26784 V TcpTransport: [id=256,local=tcp4://127.0.0.1:6363,remote=tcp4://127.0.0.1:57178] Successfully sent: 811 bytes
04-26 22:42:57.232 19792 26784 I AutoPrefixPropagator: no signing identity available for: /test/shortContent
04-26 22:42:57.233 19792 26784 D RibManager: RIB update succeeded for RibUpdate {
04-26 22:42:57.233 19792 26784 D RibManager:   Name: /test/shortContent
04-26 22:42:57.233 19792 26784 D RibManager:   Action: REGISTER
04-26 22:42:57.233 19792 26784 D RibManager:   Route(faceid: 281, origin: 0, cost: 0, flags: 1, never expires)
04-26 22:42:57.233 19792 26784 D RibManager: }
04-26 22:42:57.289 19792 26784 V NameTreeHashtable: erase /localhost/nfd/rib/register/h%16%07%14%08%04test%08%0CshortContent/%00%00%01c%052%5D%DC/%14%CD%C3%BB%06%BDm%1A/%168%1B%01%01%1C3%071%08%04test%08%08identity%08%03KEY%08%11ksk-1524800573695%08%07ID-CERT/%17%FD%01%00%28Qm8%FC%89%DA%C9%7E%BE%D2%87%BDi%05%7B%9Ee%AD%8A%C5%02%E0%0C%A2%A5%91xM%ED%AF%84%F5%DC%03x%B8%89%A2%DC%DB%AB%B9%3FZ%9F%3C%5D%D3%E4%28%0D%E7%7CQ%B2UO%E2%02%E7%BC72A%5D%CA%1B%3A%ABe.r%A7%5B%AC%12%1D%CB%03%FD%C4%1D%0Ad%99%18%11y%7F%A9%AC%20N%B3%94-8%7E%B493P%7C%C6%EDZ%8F%B1%2CeR%0A%80w1%EEe%D0%93P%AD%E2%97%0A8%03%C7%28%E8e%97H%BF%3A%C4I%9B1u%F423%F3%22%E5%1D%EB%DDY%AC%92U%AB%7D%01%2CD%D5%C2%8F%09%D4B%FEo4%BD%18%F3%10%2F%5C2%C7%18f%A7%0D%ED%22%E9%81%29%9CIBg.%B1yfN%5D%C0%83I%B3%CB%3E%B7%86%B4%A4%0A%27%D5%97%8B%1E%D2%CC%9E%10%DE%EC%C2J%ABa%15cr%EB%D3%29%ED%25%28%09%3A%FA%8F%C9%A0%09%C9%5Bn7%D6w%7F%7C%8F%92%BD%E5%B3Fu%F3%A1%EC%B9q hash=3747886644 bucket=564
04-26 22:42:57.289 19792 26784 V NameTreeHashtable: erase /localhost/nfd/rib/register/h%16%07%14%08%04test%08%0CshortContent/%00%00%01c%052%5D%DC/%14%CD%C3%BB%06%BDm%1A/%168%1B%01%01%1C3%071%08%04test%08%08identity%08%03KEY%08%11ksk-1524800573695%08%07ID-CERT hash=3102124383 bucket=351
04-26 22:42:57.289 19792 26784 V NameTreeHashtable: erase /localhost/nfd/rib/register/h%16%07%14%08%04test%08%0CshortContent/%00%00%01c%052%5D%DC/%14%CD%C3%BB%06%BDm%1A hash=817559097 bucket=569
04-26 22:42:57.289 19792 26784 V NameTreeHashtable: erase /localhost/nfd/rib/register/h%16%07%14%08%04test%08%0CshortContent/%00%00%01c%052%5D%DC hash=1889455122 bucket=18
04-26 22:42:57.289 19792 26784 V NameTreeHashtable: erase /localhost/nfd/rib/register/h%16%07%14%08%04test%08%0CshortContent hash=1511604863 bucket=639
04-26 22:42:57.289 19792 26784 V NameTreeHashtable: erase /localhost/nfd/rib/register hash=715759028 bucket=436
04-26 22:42:57.306 30370 30386 V RenderScript: 0x9cf86000 Launching thread(s), CPUs 2
04-26 22:42:57.331 19792 26784 V NameTreeHashtable: erase /localhost/nfd/fib/add-nexthop/h%1D%07%14%08%04test%08%0CshortContenti%02%01%19j%01%00/%00%00%01c%052%5E%88/W%CEh%CA%86%F9%D5%3D/%16%3C%1B%01%01%1C7%075%08%0Ctmp-identity%08%04%B2%89H%CD%08%03KEY%08%11ksk-1522437657329%08%07ID-CERT/%17%FD%01%00%90%863C%D65%A9yw%3F%8A%05a%E5%03%CF%EE%93%E3%18%B3m%97%7E%A9%8B%8A1%09%A3%1B%FFW2%B0%CEC%26C%7D%F8%ABMo-%16%B9%CD8%94%2F%CD%E0%12%E1CWn%0A%9FG%93%11%A2%7B%86%E9%9D%B2%CBj%9B%C4%60%AD%3B%97%E4%03%9E%3A%CBva%90%84%1C%C72%AE%AF%D2T%C8%05%8A%8F%DB%E3%FDH%19%F9%D9%14br%F6nh%22%81%BBV%C6%A32%D3HnW%A5T%21%C2%7C%EC%ED%A6%FE7%908%00%0Fh%06%23%A0%DC%1D%889%BA%8C%85%E6%FE%02%BB%03T%8B%92p%5DT8%17H%FC%C7E%AB8%9F%F7%08%1Chy%E1.%81%F0%84T%DA%29T%9Fy%93j%D00g%E9%25E%8BiQ%A9q%9C%0E%8A%05b%9BF%A5%00%40L%A11n%1CK%C5%9A%BE%D5%13%1B%FAq%BCi%82%16%FB%F4B%A0%8F%23%D0%E2Z%CE%D6T%00%8F%BC%80%DEY%7F%E4%E2%B3%0D%F5d%EAa%25Xd%F2%13%CD hash=2435799914 bucket=874
04-26 22:42:57.331 19792 26784 V NameTreeHashtable: erase /localhost/nfd/fib/add-nexthop/h%1D%07%14%08%04test%08%0CshortContenti%02%01%19j%01%00/%00%00%01c%052%5E%88/W%CEh%CA%86%F9%D5%3D/%16%3C%1B%01%01%1C7%075%08%0Ctmp-identity%08%04%B2%89H%CD%08%03KEY%08%11ksk-1522437657329%08%07ID-CERT hash=3053384089 bucket=409
04-26 22:42:57.331 19792 26784 V NameTreeHashtable: erase /localhost/nfd/fib/add-nexthop/h%1D%07%14%08%04test%08%0CshortContenti%02%01%19j%01%00/%00%00%01c%052%5E%88/W%CEh%CA%86%F9%D5%3D hash=2604420863 bucket=767
04-26 22:42:57.331 19792 26784 V NameTreeHashtable: erase /localhost/nfd/fib/add-nexthop/h%1D%07%14%08%04test%08%0CshortContenti%02%01%19j%01%00/%00%00%01c%052%5E%88 hash=393337464 bucket=632
04-26 22:42:57.331 19792 26784 V NameTreeHashtable: erase /localhost/nfd/fib/add-nexthop/h%1D%07%14%08%04test%08%0CshortContenti%02%01%19j%01%00 hash=3758210321 bucket=273
04-26 22:42:57.331 19792 26784 V NameTreeHashtable: erase /localhost/nfd/fib/add-nexthop hash=247130391 bucket=279
04-26 22:42:57.331 19792 26784 V NameTreeHashtable: erase /localhost/nfd/fib hash=3464542132 bucket=948
04-26 22:42:59.722 30370 30383 D packetize things: full data name: /test/shortContent/%FD%01/%00%00/sha256digest=697eb94507e6e55a627f10fea03d067be2ee67d611f0c1fc69d3c5109eecc747
04-26 22:42:59.723 30370 30383 D publishData: Publishing with prefix: /test/shortContent
04-26 22:42:59.819 30370 30383 D putInCache: Put /test/shortContent/%FD%01/%00%00 in the cache.
04-26 22:42:59.819 30370 30383 D putInCache: Content: This is a string of test content which we will publish and later fetch.
04-26 22:42:59.819 30370 30383 D putInCache: MetaInfo: %00
04-26 22:42:59.819 30370 30383 D putInCache: MetaInfo Value: 1
04-26 22:42:59.820 19792 26784 V TcpTransport: [id=281,local=tcp4://127.0.0.1:6363,remote=tcp4://127.0.0.1:57203] Received: 436 bytes
04-26 22:42:59.820 19792 26784 V LinkService: [id=281,local=tcp4://127.0.0.1:6363,remote=tcp4://127.0.0.1:57203] void nfd::face::LinkService::receiveData(const ndn::Data&)
04-26 22:42:59.820 19792 26784 V NameTreeHashtable: not-found /test/shortContent/%FD%01/%00%00 hash=2137979605 bucket=725
04-26 22:42:59.820 19792 26784 V NameTreeHashtable: not-found /test/shortContent/%FD%01 hash=3909599681 bucket=449
04-26 22:42:59.820 19792 26784 V NameTreeHashtable: found /test/shortContent hash=3077037191 bucket=135
04-26 22:42:59.820 19792 26784 V NameTreeHashtable: found /test hash=884663382 bucket=86
04-26 22:42:59.820 19792 26784 V NameTreeHashtable: found / hash=0 bucket=0
04-26 22:42:59.820 19792 26784 V NameTreeIterator: initialized end
04-26 22:43:01.843 30370 30370 I ViewInteraction: Checking 'MatchesViewAssertion{viewMatcher=is displayed on the screen to the user}' assertion on view with id: memphis.myapplication:id/button
04-26 22:43:01.860 30370 30370 I ViewInteraction: Performing 'single click' action on view with id: memphis.myapplication:id/button
04-26 22:43:01.924   794   949 D AudioService: Stream muted, skip playback
04-26 22:43:01.926 30370 30370 D fetch_data: Called fetch_data
04-26 22:43:01.926 30370 30370 D fetch_data: Message from editText: /test/shortContent
04-26 22:43:01.927 30370 30370 D fetch_data: Interest: /test/shortContent
04-26 22:43:01.945 19792 26784 D TcpChannel: [0.0.0.0:6363] Connection from 127.0.0.1:57204
04-26 22:43:01.945 19792 26784 I TcpTransport: [id=0,local=tcp4://127.0.0.1:6363,remote=tcp4://127.0.0.1:57204] Creating transport
04-26 22:43:01.947 19792 26784 I FaceTable: Added face id=282 remote=tcp4://127.0.0.1:57204 local=tcp4://127.0.0.1:6363
04-26 22:43:01.982 19792 26784 V TcpTransport: [id=282,local=tcp4://127.0.0.1:6363,remote=tcp4://127.0.0.1:57204] Received: 37 bytes
04-26 22:43:01.982 19792 26784 V LinkService: [id=282,local=tcp4://127.0.0.1:6363,remote=tcp4://127.0.0.1:57204] void nfd::face::LinkService::receiveInterest(const ndn::Interest&)
04-26 22:43:01.982 19792 26784 V NameTreeHashtable: found / hash=0 bucket=0
04-26 22:43:01.982 19792 26784 V NameTreeHashtable: found /test hash=884663382 bucket=86
04-26 22:43:01.982 19792 26784 V NameTreeHashtable: found /test/shortContent hash=3077037191 bucket=135
04-26 22:43:01.982 19792 26784 V Strategy: lookupFib noLinkObject found=/test/shortContent
04-26 22:43:01.982 19792 26784 V LinkService: [id=281,local=tcp4://127.0.0.1:6363,remote=tcp4://127.0.0.1:57203] void nfd::face::LinkService::sendInterest(const ndn::Interest&)
04-26 22:43:01.982 19792 26784 V TcpTransport: [id=281,local=tcp4://127.0.0.1:6363,remote=tcp4://127.0.0.1:57203] void nfd::face::StreamTransport<Protocol>::doSend(nfd::face::Transport::Packet&&) [with Protocol = boost::asio::ip::tcp]
04-26 22:43:01.982 19792 26784 V TcpTransport: [id=281,local=tcp4://127.0.0.1:6363,remote=tcp4://127.0.0.1:57203] Successfully sent: 37 bytes
04-26 22:43:01.982 19792 26784 V InternalForwarderTransport: [id=1,local=internal://,remote=internal://] virtual void nfd::face::InternalForwarderTransport::receiveFromLink(const ndn::Block&)
04-26 22:43:01.982 19792 26784 V LinkService: [id=1,local=internal://,remote=internal://] void nfd::face::LinkService::receiveData(const ndn::Data&)
04-26 22:43:01.982 19792 26784 V NameTreeHashtable: found /localhost/nfd/faces/events/%FE4 hash=2277600253 bucket=1021
04-26 22:43:01.982 19792 26784 V NameTreeIterator: initialized entry=/localhost/nfd/faces/events/%FE4 ref=/localhost/nfd/faces/events/%FE4 state=0
04-26 22:43:01.983 19792 26784 V NameTreeIterator: advanced end
04-26 22:43:01.983 19792 26784 D Strategy: beforeSatisfyInterest pitEntry=/localhost/nfd/faces/events/%FE4 inFace=1 data=/localhost/nfd/faces/events/%FE4
04-26 22:43:01.983 19792 26784 V LinkService: [id=256,local=tcp4://127.0.0.1:6363,remote=tcp4://127.0.0.1:57178] void nfd::face::LinkService::sendData(const ndn::Data&)
04-26 22:43:01.983 19792 26784 V TcpTransport: [id=256,local=tcp4://127.0.0.1:6363,remote=tcp4://127.0.0.1:57178] void nfd::face::StreamTransport<Protocol>::doSend(nfd::face::Transport::Packet&&) [with Protocol = boost::asio::ip::tcp]
04-26 22:43:01.983 19792 26784 V TcpTransport: [id=256,local=tcp4://127.0.0.1:6363,remote=tcp4://127.0.0.1:57178] Successfully sent: 452 bytes
04-26 22:43:01.983 19792 26784 V RibManager: onNotification: FaceEventNotification(Kind: created, FaceID: 282, RemoteUri: tcp4://127.0.0.1:57204, LocalUri: tcp4://127.0.0.1:6363, FaceScope: local, FacePersistency: on-demand, LinkType: point-to-point, Flags: 0)
04-26 22:43:01.983 19792 26784 V TcpTransport: [id=256,local=tcp4://127.0.0.1:6363,remote=tcp4://127.0.0.1:57178] Received: 49 bytes
04-26 22:43:01.983 19792 26784 V LinkService: [id=256,local=tcp4://127.0.0.1:6363,remote=tcp4://127.0.0.1:57178] void nfd::face::LinkService::receiveInterest(const ndn::Interest&)
04-26 22:43:01.983 19792 26784 V NameTreeHashtable: found / hash=0 bucket=0
04-26 22:43:01.983 19792 26784 V NameTreeHashtable: found /localhost hash=130514639 bucket=719
04-26 22:43:01.983 19792 26784 V NameTreeHashtable: found /localhost/nfd hash=182975112 bucket=648
04-26 22:43:01.983 19792 26784 V NameTreeHashtable: found /localhost/nfd/faces hash=1997336817 bucket=241
04-26 22:43:01.983 19792 26784 V NameTreeHashtable: found /localhost/nfd/faces/events hash=1883855123 bucket=275
04-26 22:43:01.984 19792 26784 V NameTreeHashtable: insert /localhost/nfd/faces/events/%FE5 hash=1937373683 bucket=499
04-26 22:43:01.984 19792 26784 V Strategy: lookupFib noLinkObject found=/localhost/nfd
04-26 22:43:01.990 19792 26784 V LinkService: [id=1,local=internal://,remote=internal://] void nfd::face::LinkService::sendInterest(const ndn::Interest&)
04-26 22:43:01.990 19792 26784 V InternalForwarderTransport: [id=1,local=internal://,remote=internal://] virtual void nfd::face::InternalForwarderTransport::doSend(nfd::face::Transport::Packet&&)
04-26 22:43:02.083 19792 26784 V NameTreeHashtable: erase /localhost/nfd/faces/events/%FE4 hash=2277600253 bucket=1021
04-26 22:43:05.945 30370 30370 D fetch_data onError: Time out for interest /test/shortContent
04-26 22:43:05.952 30370 30370 I Choreographer: Skipped 241 frames!  The application may be doing too much work on its main thread.
04-26 22:43:05.992 19792 26784 D Strategy: beforeExpirePendingInterest pitEntry=/test/shortContent
04-26 22:43:08.271 30370 30370 D LifecycleMonitor: Lifecycle status change: memphis.myapplication.MainActivity@492980b in: PAUSED
04-26 22:43:08.282 30370 30383 I TestRunner: failed: pubfetchSimpleString(memphis.myapplication.PublisherAndFetcherTest)
04-26 22:43:08.282 30370 30383 I TestRunner: ----- begin exception -----
04-26 22:43:08.283 30370 30383 I TestRunner: junit.framework.ComparisonFailure: expected:<[This is a string of test content which we will publish and later fetch.]> but was:<[]>
04-26 22:43:08.283 30370 30383 I TestRunner: 	at junit.framework.Assert.assertEquals(Assert.java:85)
04-26 22:43:08.283 30370 30383 I TestRunner: 	at junit.framework.Assert.assertEquals(Assert.java:91)
04-26 22:43:08.283 30370 30383 I TestRunner: 	at memphis.myapplication.PublisherAndFetcherTest.pubfetchSimpleString(PublisherAndFetcherTest.java:138)
04-26 22:43:08.283 30370 30383 I TestRunner: 	at java.lang.reflect.Method.invoke(Native Method)
04-26 22:43:08.283 30370 30383 I TestRunner: 	at org.junit.runners.model.FrameworkMethod$1.runReflectiveCall(FrameworkMethod.java:50)
04-26 22:43:08.283 30370 30383 I TestRunner: 	at org.junit.internal.runners.model.ReflectiveCallable.run(ReflectiveCallable.java:12)
04-26 22:43:08.283 30370 30383 I TestRunner: 	at org.junit.runners.model.FrameworkMethod.invokeExplosively(FrameworkMethod.java:47)
04-26 22:43:08.283 30370 30383 I TestRunner: 	at org.junit.internal.runners.statements.InvokeMethod.evaluate(InvokeMethod.java:17)
04-26 22:43:08.283 30370 30383 I TestRunner: 	at android.support.test.rule.ActivityTestRule$ActivityStatement.evaluate(ActivityTestRule.java:433)
04-26 22:43:08.283 30370 30383 I TestRunner: 	at org.junit.rules.RunRules.evaluate(RunRules.java:20)
04-26 22:43:08.283 30370 30383 I TestRunner: 	at org.junit.runners.ParentRunner.runLeaf(ParentRunner.java:325)
04-26 22:43:08.283 30370 30383 I TestRunner: 	at org.junit.runners.BlockJUnit4ClassRunner.runChild(BlockJUnit4ClassRunner.java:78)
04-26 22:43:08.283 30370 30383 I TestRunner: 	at org.junit.runners.BlockJUnit4ClassRunner.runChild(BlockJUnit4ClassRunner.java:57)
04-26 22:43:08.283 30370 30383 I TestRunner: 	at org.junit.runners.ParentRunner$3.run(ParentRunner.java:290)
04-26 22:43:08.283 30370 30383 I TestRunner: 	at org.junit.runners.ParentRunner$1.schedule(ParentRunner.java:71)
04-26 22:43:08.283 30370 30383 I TestRunner: 	at org.junit.runners.ParentRunner.runChildren(ParentRunner.java:288)
04-26 22:43:08.283 30370 30383 I TestRunner: 	at org.junit.runners.ParentRunner.access$000(ParentRunner.java:58)
04-26 22:43:08.283 30370 30383 I TestRunner: 	at org.junit.runners.ParentRunner$2.evaluate(ParentRunner.java:268)
04-26 22:43:08.283 30370 30383 I TestRunner: 	at org.junit.runners.ParentRunner.run(ParentRunner.java:363)
04-26 22:43:08.283 30370 30383 I TestRunner: 	at org.junit.runners.Suite.runChild(Suite.java:128)
04-26 22:43:08.283 30370 30383 I TestRunner: 	at org.junit.runners.Suite.runChild(Suite.java:27)
04-26 22:43:08.283 30370 30383 I TestRunner: 	at org.junit.runners.ParentRunner$3.run(ParentRunner.java:290)
04-26 22:43:08.283 30370 30383 I TestRunner: 	at org.junit.runners.ParentRunner$1.schedule(ParentRunner.java:71)
04-26 22:43:08.283 30370 30383 I TestRunner: 	at org.junit.runners.ParentRunner.runChildren(ParentRunner.java:288)
04-26 22:43:08.283 30370 30383 I TestRunner: 	at org.junit.runners.ParentRunner.access$000(ParentRunner.java:58)
04-26 22:43:08.283 30370 30383 I TestRunner: 	at org.junit.runners.ParentRunner$2.evaluate(ParentRunner.java:268)
04-26 22:43:08.283 30370 30383 I TestRunner: 	at org.junit.runners.ParentRunner.run(ParentRunner.java:363)
04-26 22:43:08.283 30370 30383 I TestRunner: 	at org.junit.runner.JUnitCore.run(JUnitCore.java:137)
04-26 22:43:08.283 30370 30383 I TestRunner: 	at org.junit.runner.JUnitCore.run(JUnitCore.java:115)
04-26 22:43:08.283 30370 30383 I TestRunner: 	at android.support.test.internal.runner.TestExecutor.execute(TestExecutor.java:58)
04-26 22:43:08.283 30370 30383 I TestRunner: 	at android.support.test.runner.AndroidJUnitRunner.onStart(AndroidJUnitRunner.java:375)
04-26 22:43:08.283 30370 30383 I TestRunner: 	at android.app.Instrumentation$InstrumentationThread.run(Instrumentation.java:1886)
04-26 22:43:08.284 30370 30383 I TestRunner: ----- end exception -----
04-26 22:43:08.285 30370 30383 I TestRunner: finished: pubfetchSimpleString(memphis.myapplication.PublisherAndFetcherTest)
04-26 22:43:08.300 30370 30370 I MonitoringInstr: Activities that are still in CREATED to STOPPED: 1
04-26 22:43:08.302 30370 30383 I MonitoringInstr: Unstopped activity count: 1
04-26 22:43:08.352 30370 30383 I MonitoringInstr: Unstopped activity count: 1
04-26 22:43:08.402 30370 30383 I MonitoringInstr: Unstopped activity count: 1
04-26 22:43:08.460 30370 30383 I MonitoringInstr: Unstopped activity count: 1
04-26 22:43:08.462   794   805 I art     : Background partial concurrent mark sweep GC freed 22669(1663KB) AllocSpace objects, 4(76KB) LOS objects, 33% free, 20MB/30MB, paused 5.676ms total 187.395ms
04-26 22:43:08.510 30370 30383 I MonitoringInstr: Unstopped activity count: 1
04-26 22:43:08.560 30370 30383 I MonitoringInstr: Unstopped activity count: 1
04-26 22:43:08.611 30370 30383 I MonitoringInstr: Unstopped activity count: 1
04-26 22:43:08.622 30370 30370 D LifecycleMonitor: Lifecycle status change: memphis.myapplication.MainActivity@492980b in: STOPPED
04-26 22:43:08.622 30370 30370 D LifecycleMonitor: Lifecycle status change: memphis.myapplication.MainActivity@492980b in: DESTROYED
04-26 22:43:08.661 30370 30383 I TestRunner: run finished: 1 tests, 1 failed, 0 ignored
04-26 22:43:08.668 30370 30383 W System  : ClassLoader referenced unknown path: /system/framework/tcmclient.jar
04-26 22:43:08.680   794 29506 D NetlinkSocketObserver: NeighborEvent{elapsedMs=2367141925, 2601:3c1:c201:2f71:c6b3:1ff:fedb:6772, [C4B301DB6772], RTM_NEWNEIGH, NUD_REACHABLE}
04-26 22:43:08.868  1417  1683 W OpenGLRenderer: Incorrectly called buildLayer on View: ShortcutAndWidgetContainer, destroying layer...
04-26 22:43:08.868  1417  1683 W OpenGLRenderer: Incorrectly called buildLayer on View: ShortcutAndWidgetContainer, destroying layer...
04-26 22:43:09.199 30370 30370 I MonitoringInstr: Activities that are still in CREATED to STOPPED: 0
04-26 22:43:09.199 30370 30383 I MonitoringInstr: waitForActivitiesToComplete() took: 0ms
04-26 22:43:09.206 30360 30360 D AndroidRuntime: Shutting down VM
04-26 22:43:09.215   794  2559 I ActivityManager: Force stopping memphis.myapplication appid=10071 user=0: finished inst
04-26 22:43:09.215   794  2559 I ActivityManager: Killing 30370:memphis.myapplication/u0a71 (adj 0): stop memphis.myapplication
04-26 22:43:09.247   794  1367 D GraphicsStats: Buffer count: 6
04-26 22:43:09.263 19792 26784 V TcpTransport: [id=281,local=tcp4://127.0.0.1:6363,remote=tcp4://127.0.0.1:57203] void nfd::face::StreamTransport<Protocol>::processErrorCode(const boost::system::error_code&) [with Protocol = boost::asio::ip::tcp]
04-26 22:43:09.263 19792 26784 W TcpTransport: [id=281,local=tcp4://127.0.0.1:6363,remote=tcp4://127.0.0.1:57203] Send or receive operation failed: Connection reset by peer
04-26 22:43:09.263 19792 26784 I Transport: [id=281,local=tcp4://127.0.0.1:6363,remote=tcp4://127.0.0.1:57203] setState UP -> FAILED
04-26 22:43:09.263 19792 26784 V TcpTransport: [id=281,local=tcp4://127.0.0.1:6363,remote=tcp4://127.0.0.1:57203] void nfd::face::StreamTransport<Protocol>::doClose() [with Protocol = boost::asio::ip::tcp]
04-26 22:43:09.263 19792 26784 V TcpTransport: [id=282,local=tcp4://127.0.0.1:6363,remote=tcp4://127.0.0.1:57204] void nfd::face::StreamTransport<Protocol>::processErrorCode(const boost::system::error_code&) [with Protocol = boost::asio::ip::tcp]
04-26 22:43:09.263 19792 26784 I Transport: [id=282,local=tcp4://127.0.0.1:6363,remote=tcp4://127.0.0.1:57204] setState UP -> FAILED
04-26 22:43:09.263 19792 26784 V TcpTransport: [id=282,local=tcp4://127.0.0.1:6363,remote=tcp4://127.0.0.1:57204] void nfd::face::StreamTransport<Protocol>::doClose() [with Protocol = boost::asio::ip::tcp]
04-26 22:43:09.273 19792 26784 V TcpTransport: [id=281,local=tcp4://127.0.0.1:6363,remote=tcp4://127.0.0.1:57203] void nfd::face::StreamTransport<Protocol>::deferredClose() [with Protocol = boost::asio::ip::tcp]
04-26 22:43:09.273 19792 26784 I Transport: [id=281,local=tcp4://127.0.0.1:6363,remote=tcp4://127.0.0.1:57203] setState FAILED -> CLOSED
04-26 22:43:09.273 19792 26784 V TcpChannel: Erasing 127.0.0.1:57203 from channel face map
04-26 22:43:09.273 19792 26784 V NameTreeIterator: initialized entry=/ ref=null state=0
04-26 22:43:09.273 19792 26784 V NameTreeIterator: advanced entry=/localhost/nfd/rib ref=null state=0
04-26 22:43:09.273 19792 26784 V NameTreeIterator: advanced entry=/test ref=null state=0
04-26 22:43:09.273 19792 26784 V NameTreeIterator: advanced entry=/test/shortContent ref=null state=0
04-26 22:43:09.274 19792 26784 V NameTreeIterator: advanced entry=/localhost/nfd/faces ref=null state=0
04-26 22:43:09.274 19792 26784 V NameTreeIterator: advanced entry=/ndn/multicast ref=null state=0
04-26 22:43:09.274 19792 26784 V NameTreeIterator: advanced entry=/localhost/nfd/faces/events ref=null state=0
04-26 22:43:09.274 19792 26784 V NameTreeIterator: advanced entry=/ndn ref=null state=0
04-26 22:43:09.274 19792 26784 V NameTreeIterator: advanced entry=/localhost/nfd/faces/events/%FE5 ref=null state=0
04-26 22:43:09.275 19792 26784 V NameTreeIterator: advanced entry=/localhost/nfd ref=null state=0
04-26 22:43:09.275 19792 26784 V NameTreeIterator: advanced entry=/localhost ref=null state=0
04-26 22:43:09.275 19792 26784 V NameTreeIterator: advanced entry=/ndn/broadcast ref=null state=0
04-26 22:43:09.275 19792 26784 V NameTreeIterator: advanced end
04-26 22:43:09.275 19792 26784 V NameTreeHashtable: erase /test/shortContent hash=3077037191 bucket=135
04-26 22:43:09.275 19792 26784 V NameTreeHashtable: erase /test hash=884663382 bucket=86
04-26 22:43:09.310 19792 26784 I FaceTable: Removed face id=281 remote=tcp4://127.0.0.1:57203 local=tcp4://127.0.0.1:6363
04-26 22:43:09.310 19792 26784 V TcpTransport: [id=282,local=tcp4://127.0.0.1:6363,remote=tcp4://127.0.0.1:57204] void nfd::face::StreamTransport<Protocol>::deferredClose() [with Protocol = boost::asio::ip::tcp]
04-26 22:43:09.310 19792 26784 I Transport: [id=282,local=tcp4://127.0.0.1:6363,remote=tcp4://127.0.0.1:57204] setState FAILED -> CLOSED
04-26 22:43:09.310 19792 26784 V TcpChannel: Erasing 127.0.0.1:57204 from channel face map
04-26 22:43:09.310 19792 26784 V NameTreeIterator: initialized entry=/ ref=null state=0
04-26 22:43:09.310 19792 26784 V NameTreeIterator: advanced entry=/localhost/nfd/rib ref=null state=0
04-26 22:43:09.310 19792 26784 V NameTreeIterator: advanced entry=/localhost/nfd/faces ref=null state=0
04-26 22:43:09.310 19792 26784 V NameTreeIterator: advanced entry=/ndn/multicast ref=null state=0
04-26 22:43:09.310 19792 26784 V NameTreeIterator: advanced entry=/localhost/nfd/faces/events ref=null state=0
04-26 22:43:09.310 19792 26784 V NameTreeIterator: advanced entry=/ndn ref=null state=0
04-26 22:43:09.310 19792 26784 V NameTreeIterator: advanced entry=/localhost/nfd/faces/events/%FE5 ref=null state=0
04-26 22:43:09.310 19792 26784 V NameTreeIterator: advanced entry=/localhost/nfd ref=null state=0
04-26 22:43:09.310 19792 26784 V NameTreeIterator: advanced entry=/localhost ref=null state=0
04-26 22:43:09.310 19792 26784 V NameTreeIterator: advanced entry=/ndn/broadcast ref=null state=0
04-26 22:43:09.310 19792 26784 V NameTreeIterator: advanced end
04-26 22:43:09.314   794  2559 D ActivityManager: cleanUpApplicationRecord -- 30370
04-26 22:43:09.315   794  1455 W ActivityManager: Spurious death for ProcessRecord{70376e3 0:memphis.myapplication/u0a71}, curProc for 30370: null
04-26 22:43:09.400 19792 26784 I FaceTable: Removed face id=282 remote=tcp4://127.0.0.1:57204 local=tcp4://127.0.0.1:6363
04-26 22:43:09.400 19792 26784 V InternalForwarderTransport: [id=1,local=internal://,remote=internal://] virtual void nfd::face::InternalForwarderTransport::receiveFromLink(const ndn::Block&)
04-26 22:43:09.400 19792 26784 V LinkService: [id=1,local=internal://,remote=internal://] void nfd::face::LinkService::receiveData(const ndn::Data&)
04-26 22:43:09.400 19792 26784 V NameTreeHashtable: found /localhost/nfd/faces/events/%FE5 hash=1937373683 bucket=499
04-26 22:43:09.400 19792 26784 V NameTreeIterator: initialized entry=/localhost/nfd/faces/events/%FE5 ref=/localhost/nfd/faces/events/%FE5 state=0
04-26 22:43:09.400 19792 26784 V NameTreeIterator: advanced end
04-26 22:43:09.400 19792 26784 D Strategy: beforeSatisfyInterest pitEntry=/localhost/nfd/faces/events/%FE5 inFace=1 data=/localhost/nfd/faces/events/%FE5
04-26 22:43:09.400 19792 26784 V LinkService: [id=256,local=tcp4://127.0.0.1:6363,remote=tcp4://127.0.0.1:57178] void nfd::face::LinkService::sendData(const ndn::Data&)
04-26 22:43:09.400 19792 26784 V TcpTransport: [id=256,local=tcp4://127.0.0.1:6363,remote=tcp4://127.0.0.1:57178] void nfd::face::StreamTransport<Protocol>::doSend(nfd::face::Transport::Packet&&) [with Protocol = boost::asio::ip::tcp]
04-26 22:43:09.401 19792 26784 V InternalForwarderTransport: [id=1,local=internal://,remote=internal://] virtual void nfd::face::InternalForwarderTransport::receiveFromLink(const ndn::Block&)
04-26 22:43:09.401 19792 26784 V LinkService: [id=1,local=internal://,remote=internal://] void nfd::face::LinkService::receiveData(const ndn::Data&)
04-26 22:43:09.401 19792 26784 V NameTreeHashtable: not-found /localhost/nfd/faces/events/%FE6 hash=3619650736 bucket=176
04-26 22:43:09.401 19792 26784 V NameTreeHashtable: found /localhost/nfd/faces/events hash=1883855123 bucket=275
04-26 22:43:09.401 19792 26784 V NameTreeHashtable: found /localhost/nfd/faces hash=1997336817 bucket=241
04-26 22:43:09.401 19792 26784 V NameTreeHashtable: found /localhost/nfd hash=182975112 bucket=648
04-26 22:43:09.401 19792 26784 V NameTreeHashtable: found /localhost hash=130514639 bucket=719
04-26 22:43:09.401 19792 26784 V NameTreeHashtable: found / hash=0 bucket=0
04-26 22:43:09.401 19792 26784 V NameTreeIterator: initialized end
04-26 22:43:09.401 19792 26784 V TcpTransport: [id=256,local=tcp4://127.0.0.1:6363,remote=tcp4://127.0.0.1:57178] Successfully sent: 452 bytes
04-26 22:43:09.401 19792 26784 V RibManager: onNotification: FaceEventNotification(Kind: destroyed, FaceID: 281, RemoteUri: tcp4://127.0.0.1:57203, LocalUri: tcp4://127.0.0.1:6363, FaceScope: local, FacePersistency: on-demand, LinkType: point-to-point, Flags: 0)
04-26 22:43:09.401 19792 26784 D RibManager: Received notification for destroyed faceId: 281
04-26 22:43:09.401 19792 26784 D FibUpdater: Computing updates for batch with faceID: 281
04-26 22:43:09.401 19792 26784 V RibEntry: Cancelling expiration eventId: 0
04-26 22:43:09.401 19792 26784 V RibEntry: Cancelling expiration eventId: 0
04-26 22:43:09.402 19792 26784 I AutoPrefixPropagator: no signing identity available for: /test/shortContent
04-26 22:43:09.402 19792 26784 V TcpTransport: [id=256,local=tcp4://127.0.0.1:6363,remote=tcp4://127.0.0.1:57178] Received: 49 bytes
04-26 22:43:09.402 19792 26784 V LinkService: [id=256,local=tcp4://127.0.0.1:6363,remote=tcp4://127.0.0.1:57178] void nfd::face::LinkService::receiveInterest(const ndn::Interest&)
04-26 22:43:09.402 19792 26784 V NameTreeHashtable: found / hash=0 bucket=0
04-26 22:43:09.402 19792 26784 V NameTreeHashtable: found /localhost hash=130514639 bucket=719
04-26 22:43:09.402 19792 26784 V NameTreeHashtable: found /localhost/nfd hash=182975112 bucket=648
04-26 22:43:09.402 19792 26784 V NameTreeHashtable: found /localhost/nfd/faces hash=1997336817 bucket=241
04-26 22:43:09.402 19792 26784 V NameTreeHashtable: found /localhost/nfd/faces/events hash=1883855123 bucket=275
04-26 22:43:09.402 19792 26784 V NameTreeHashtable: insert /localhost/nfd/faces/events/%FE6 hash=3619650736 bucket=176
04-26 22:43:09.403 19792 26784 V Strategy: lookupFib noLinkObject found=/localhost/nfd
04-26 22:43:09.403 19792 26784 V LinkService: [id=1,local=internal://,remote=internal://] void nfd::face::LinkService::sendInterest(const ndn::Interest&)
04-26 22:43:09.403 19792 26784 V InternalForwarderTransport: [id=1,local=internal://,remote=internal://] virtual void nfd::face::InternalForwarderTransport::doSend(nfd::face::Transport::Packet&&)
04-26 22:43:09.403 19792 26784 V InternalForwarderTransport: [id=1,local=internal://,remote=internal://] virtual void nfd::face::InternalForwarderTransport::receiveFromLink(const ndn::Block&)
04-26 22:43:09.403 19792 26784 V LinkService: [id=1,local=internal://,remote=internal://] void nfd::face::LinkService::receiveData(const ndn::Data&)
04-26 22:43:09.403 19792 26784 V NameTreeHashtable: found /localhost/nfd/faces/events/%FE6 hash=3619650736 bucket=176
04-26 22:43:09.403 19792 26784 V NameTreeIterator: initialized entry=/localhost/nfd/faces/events/%FE6 ref=/localhost/nfd/faces/events/%FE6 state=0
04-26 22:43:09.403 19792 26784 V NameTreeIterator: advanced end
04-26 22:43:09.403 19792 26784 D Strategy: beforeSatisfyInterest pitEntry=/localhost/nfd/faces/events/%FE6 inFace=1 data=/localhost/nfd/faces/events/%FE6
04-26 22:43:09.403 19792 26784 V LinkService: [id=256,local=tcp4://127.0.0.1:6363,remote=tcp4://127.0.0.1:57178] void nfd::face::LinkService::sendData(const ndn::Data&)
04-26 22:43:09.403 19792 26784 V TcpTransport: [id=256,local=tcp4://127.0.0.1:6363,remote=tcp4://127.0.0.1:57178] void nfd::face::StreamTransport<Protocol>::doSend(nfd::face::Transport::Packet&&) [with Protocol = boost::asio::ip::tcp]
04-26 22:43:09.403 19792 26784 V TcpTransport: [id=256,local=tcp4://127.0.0.1:6363,remote=tcp4://127.0.0.1:57178] Successfully sent: 452 bytes
04-26 22:43:09.403 19792 26784 V RibManager: onNotification: FaceEventNotification(Kind: destroyed, FaceID: 282, RemoteUri: tcp4://127.0.0.1:57204, LocalUri: tcp4://127.0.0.1:6363, FaceScope: local, FacePersistency: on-demand, LinkType: point-to-point, Flags: 0)
04-26 22:43:09.403 19792 26784 D RibManager: Received notification for destroyed faceId: 282
04-26 22:43:09.404 19792 26784 V TcpTransport: [id=256,local=tcp4://127.0.0.1:6363,remote=tcp4://127.0.0.1:57178] Received: 49 bytes
04-26 22:43:09.404 19792 26784 V LinkService: [id=256,local=tcp4://127.0.0.1:6363,remote=tcp4://127.0.0.1:57178] void nfd::face::LinkService::receiveInterest(const ndn::Interest&)
04-26 22:43:09.404 19792 26784 V NameTreeHashtable: found / hash=0 bucket=0
04-26 22:43:09.404 19792 26784 V NameTreeHashtable: found /localhost hash=130514639 bucket=719
04-26 22:43:09.404 19792 26784 V NameTreeHashtable: found /localhost/nfd hash=182975112 bucket=648
04-26 22:43:09.404 19792 26784 V NameTreeHashtable: found /localhost/nfd/faces hash=1997336817 bucket=241
04-26 22:43:09.404 19792 26784 V NameTreeHashtable: found /localhost/nfd/faces/events hash=1883855123 bucket=275
04-26 22:43:09.404 19792 26784 V NameTreeHashtable: insert /localhost/nfd/faces/events/%FE7 hash=993186051 bucket=259
04-26 22:43:09.404 19792 26784 V Strategy: lookupFib noLinkObject found=/localhost/nfd
04-26 22:43:09.404 19792 26784 V LinkService: [id=1,local=internal://,remote=internal://] void nfd::face::LinkService::sendInterest(const ndn::Interest&)
04-26 22:43:09.404 19792 26784 V InternalForwarderTransport: [id=1,local=internal://,remote=internal://] virtual void nfd::face::InternalForwarderTransport::doSend(nfd::face::Transport::Packet&&)
04-26 22:43:09.501 19792 26784 V NameTreeHashtable: erase /localhost/nfd/faces/events/%FE5 hash=1937373683 bucket=499
04-26 22:43:09.504 19792 26784 V NameTreeHashtable: erase /localhost/nfd/faces/events/%FE6 hash=3619650736 bucket=176
04-26 22:43:10.036 30410 30410 D AndroidRuntime: >>>>>> START com.android.internal.os.RuntimeInit uid 2000 <<<<<<
04-26 22:43:10.041 30410 30410 D AndroidRuntime: CheckJNI is OFF
04-26 22:43:10.093 30410 30410 D ICU     : No timezone override file found: /data/misc/zoneinfo/current/icu/icu_tzdata.dat
04-26 22:43:10.159 30410 30410 I Radio-JNI: register_android_hardware_Radio DONE
04-26 22:43:10.173 30410 30410 D AndroidRuntime: Calling main entry com.android.commands.am.Am
04-26 22:43:10.176   794  2552 I ActivityManager: Force stopping memphis.myapplication appid=10071 user=0: from pid 30410
04-26 22:43:10.180 30410 30410 D AndroidRuntime: Shutting down VM
04-26 22:43:10.182 24346 24346 D RegisteredServicesCache: Intent action: android.intent.action.PACKAGE_RESTARTED
04-26 22:43:10.187 24346 24346 D CardEmulationManager: Current default: null
04-26 22:43:10.187 24346 24346 D CardEmulationManager: No default set, last payment service removed.
04-26 22:43:10.187 24346 24346 D RegisteredAidCache: onServicesUpdated
04-26 22:43:13.714   794 29506 D NetlinkSocketObserver: NeighborEvent{elapsedMs=2367146960, fe80::c6b3:1ff:fedb:6772, [C4B301DB6772], RTM_NEWNEIGH, NUD_REACHABLE}
